yarn run v1.22.0
$ npm run build

> video-player@1.0.0 build D:\WebProject\video-player
> rollup -c


D:\WebProject\video-player\src\main.js
     1:21   error  Strings must use singlequote                                      quotes
     1:52   error  Extra semicolon                                                   semi
     2:33   error  Strings must use singlequote                                      quotes
     2:61   error  Extra semicolon                                                   semi
     3:31   error  Strings must use singlequote                                      quotes
     3:72   error  Extra semicolon                                                   semi
     4:29   error  Strings must use singlequote                                      quotes
     4:68   error  Extra semicolon                                                   semi
     5:26   error  Strings must use singlequote                                      quotes
     5:62   error  Extra semicolon                                                   semi
     6:40   error  Strings must use singlequote                                      quotes
     6:90   error  Extra semicolon                                                   semi
     7:29   error  Strings must use singlequote                                      quotes
     7:68   error  Extra semicolon                                                   semi
     8:36   error  Strings must use singlequote                                      quotes
     8:82   error  Extra semicolon                                                   semi
     9:23   error  Strings must use singlequote                                      quotes
     9:56   error  Extra semicolon                                                   semi
    10:29   error  Strings must use singlequote                                      quotes
    10:68   error  Extra semicolon                                                   semi
    11:46   error  Extra semicolon                                                   semi
    12:56   error  Extra semicolon                                                   semi
    13:96   error  Extra semicolon                                                   semi
    14:59   error  Extra semicolon                                                   semi
    15:43   error  Extra semicolon                                                   semi
    16:53   error  Extra semicolon                                                   semi
    17:60   error  Extra semicolon                                                   semi
    18:92   error  Extra semicolon                                                   semi
    19:53   error  Extra semicolon                                                   semi
    20:62   error  Extra semicolon                                                   semi
    22:68   error  Extra semicolon                                                   semi
    23:53   error  Extra semicolon                                                   semi
    24:53   error  Extra semicolon                                                   semi
    25:49   error  Extra semicolon                                                   semi
    26:55   error  Extra semicolon                                                   semi
    27:55   error  Extra semicolon                                                   semi
    28:38   error  Extra semicolon                                                   semi
    29:63   error  Extra semicolon                                                   semi
    30:44   error  Extra semicolon                                                   semi
    31:33   error  Extra semicolon                                                   semi
    32:48   error  Extra semicolon                                                   semi
    33:42   error  Extra semicolon                                                   semi
    34:55   error  Extra semicolon                                                   semi
    35:43   error  Extra semicolon                                                   semi
    37:50   error  Extra semicolon                                                   semi
    38:63   error  Extra semicolon                                                   semi
    39:42   error  Extra semicolon                                                   semi
    40:40   error  Extra semicolon                                                   semi
    41:37   error  Extra semicolon                                                   semi
    42:39   error  Extra semicolon                                                   semi
    43:62   error  Extra semicolon                                                   semi
    44:33   error  Extra semicolon                                                   semi
    45:46   error  Extra semicolon                                                   semi
    46:33   error  Extra semicolon                                                   semi
    47:46   error  Extra semicolon                                                   semi
    48:60   error  Extra semicolon                                                   semi
    49:50   error  Extra semicolon                                                   semi
    50:74   error  Extra semicolon                                                   semi
    51:56   error  Extra semicolon                                                   semi
    52:46   error  Extra semicolon                                                   semi
    53:28   error  Extra semicolon                                                   semi
   298:14   error  Expected space or tab after '/*' in comment                       spaced-comment
   298:27   error  Wrap an immediate function invocation in parentheses              wrap-iife
   298:35   error  Unexpected space before function parentheses                      space-before-function-paren
   299:38   error  Extra semicolon                                                   semi
   308:14   error  Extra semicolon                                                   semi
   310:34   error  Extra semicolon                                                   semi
   312:81   error  Extra semicolon                                                   semi
   315:52   error  Strings must use singlequote                                      quotes
   315:78   error  Extra semicolon                                                   semi
   317:42   error  Extra semicolon                                                   semi
   320:24   error  Extra semicolon                                                   semi
   331:33   error  Extra semicolon                                                   semi
   334:45   error  Extra semicolon                                                   semi
   337:35   error  Extra semicolon                                                   semi
   340:28   error  Extra semicolon                                                   semi
   343:36   error  Extra semicolon                                                   semi
   346:27   error  Extra semicolon                                                   semi
   354:36   error  Extra semicolon                                                   semi
   363:37   error  Extra semicolon                                                   semi
   369:31   error  Extra semicolon                                                   semi
   372:33   error  Extra semicolon                                                   semi
   375:33   error  Extra semicolon                                                   semi
   378:34   error  Extra semicolon                                                   semi
   381:25   error  Extra semicolon                                                   semi
   384:32   error  Extra semicolon                                                   semi
   387:27   error  Extra semicolon                                                   semi
   390:27   error  Extra semicolon                                                   semi
   393:29   error  Extra semicolon                                                   semi
   399:36   error  Extra semicolon                                                   semi
   406:38   error  Extra semicolon                                                   semi
   409:42   error  Extra semicolon                                                   semi
   412:35   error  Extra semicolon                                                   semi
   415:34   error  Extra semicolon                                                   semi
   418:46   error  Extra semicolon                                                   semi
   421:52   error  Extra semicolon                                                   semi
   424:37   error  Extra semicolon                                                   semi
   433:49   error  Extra semicolon                                                   semi
   436:43   error  Extra semicolon                                                   semi
   443:27   error  Extra semicolon                                                   semi
   449:6    error  Extra semicolon                                                   semi
   452:24   error  Extra semicolon                                                   semi
   455:186  error  Extra semicolon                                                   semi
   458:69   error  Extra semicolon                                                   semi
   461:61   error  Extra semicolon                                                   semi
   462:61   error  Extra semicolon                                                   semi
   465:28   error  Extra semicolon                                                   semi
   468:67   error  Extra semicolon                                                   semi
   472:1    error  More than 1 blank line not allowed                                no-multiple-empty-lines
   473:58   error  Unexpected space before function parentheses                      space-before-function-paren
   474:29   error  Extra semicolon                                                   semi
   475:7    error  Extra semicolon                                                   semi
   478:1    error  More than 1 blank line not allowed                                no-multiple-empty-lines
   481:6    error  Extra semicolon                                                   semi
   486:6    error  Extra semicolon                                                   semi
   491:6    error  Extra semicolon                                                   semi
   496:6    error  Extra semicolon                                                   semi
   501:6    error  Extra semicolon                                                   semi
   506:6    error  Extra semicolon                                                   semi
   511:6    error  Extra semicolon                                                   semi
   516:6    error  Extra semicolon                                                   semi
   521:6    error  Extra semicolon                                                   semi
   526:6    error  Extra semicolon                                                   semi
   527:48   error  Extra semicolon                                                   semi
   528:28   error  Extra semicolon                                                   semi
   529:44   error  Unexpected space before function parentheses                      space-before-function-paren
   530:74   error  Extra semicolon                                                   semi
   531:7    error  Extra semicolon                                                   semi
   532:44   error  Unexpected space before function parentheses                      space-before-function-paren
   533:74   error  Extra semicolon                                                   semi
   534:7    error  Extra semicolon                                                   semi
   535:44   error  Unexpected space before function parentheses                      space-before-function-paren
   536:74   error  Extra semicolon                                                   semi
   537:7    error  Extra semicolon                                                   semi
   538:49   error  Unexpected space before function parentheses                      space-before-function-paren
   539:63   error  Extra semicolon                                                   semi
   541:48   error  Extra semicolon                                                   semi
   542:7    error  Extra semicolon                                                   semi
   543:44   error  Unexpected space before function parentheses                      space-before-function-paren
   544:52   error  Extra semicolon                                                   semi
   546:48   error  Extra semicolon                                                   semi
   547:7    error  Extra semicolon                                                   semi
   548:46   error  Unexpected space before function parentheses                      space-before-function-paren
   551:48   error  Extra semicolon                                                   semi
   552:7    error  Extra semicolon                                                   semi
   553:41   error  Unexpected space before function parentheses                      space-before-function-paren
   554:49   error  Extra semicolon                                                   semi
   556:48   error  Extra semicolon                                                   semi
   557:7    error  Extra semicolon                                                   semi
   558:42   error  Unexpected space before function parentheses                      space-before-function-paren
   559:72   error  Extra semicolon                                                   semi
   560:7    error  Extra semicolon                                                   semi
   561:50   error  Unexpected space before function parentheses                      space-before-function-paren
   562:58   error  Extra semicolon                                                   semi
   564:48   error  Extra semicolon                                                   semi
   565:7    error  Extra semicolon                                                   semi
   566:47   error  Unexpected space before function parentheses                      space-before-function-paren
   567:44   error  Extra semicolon                                                   semi
   568:7    error  Extra semicolon                                                   semi
   573:59   error  Extra semicolon                                                   semi
   578:1    error  Expected indentation of 10 spaces but found 8                     indent
   579:1    error  Expected indentation of 10 spaces but found 8                     indent
   580:1    error  Expected indentation of 10 spaces but found 8                     indent
   581:1    error  Expected indentation of 12 spaces but found 10                    indent
   582:1    error  Expected indentation of 10 spaces but found 8                     indent
   582:12   error  Extra semicolon                                                   semi
   584:39   error  Extra semicolon                                                   semi
   585:34   error  Extra semicolon                                                   semi
   587:20   error  Wrap an immediate function invocation in parentheses              wrap-iife
   587:28   error  Unexpected space before function parentheses                      space-before-function-paren
   588:46   error  There should be no space after this paren                         space-in-parens
   588:47   error  Expected space or tab after '/*' in comment                       spaced-comment
   590:20   error  Unexpected constant condition                                     no-constant-condition
   593:62   error  Extra semicolon                                                   semi
   596:63   error  Extra semicolon                                                   semi
   598:69   error  Extra semicolon                                                   semi
   599:65   error  Extra semicolon                                                   semi
   605:1    error  More than 1 blank line not allowed                                no-multiple-empty-lines
   606:36   error  Extra semicolon                                                   semi
   607:76   error  Extra semicolon                                                   semi
   610:42   error  Strings must use singlequote                                      quotes
   610:109  error  Extra semicolon                                                   semi
   613:22   error  Strings must use singlequote                                      quotes
   614:41   error  Extra semicolon                                                   semi
   617:22   error  Extra semicolon                                                   semi
   618:12   error  Extra semicolon                                                   semi
   621:53   error  Extra semicolon                                                   semi
   624:27   error  Extra semicolon                                                   semi
   629:1    error  Expected indentation of 10 spaces but found 8                     indent
   630:1    error  Expected indentation of 10 spaces but found 8                     indent
   631:1    error  Expected indentation of 10 spaces but found 8                     indent
   632:1    error  Expected indentation of 12 spaces but found 10                    indent
   633:1    error  Expected indentation of 10 spaces but found 8                     indent
   633:12   error  Extra semicolon                                                   semi
   635:6    error  Extra semicolon                                                   semi
   638:102  error  Extra semicolon                                                   semi
   645:1    error  Expected indentation of 8 spaces but found 6                      indent
   645:12   error  Extra semicolon                                                   semi
   648:17   error  Extra semicolon                                                   semi
   657:1    error  More than 1 blank line not allowed                                no-multiple-empty-lines
   659:10   error  Strings must use singlequote                                      quotes
   661:39   error  Extra semicolon                                                   semi
   671:10   error  Strings must use singlequote                                      quotes
   672:12   error  Wrap an immediate function invocation in parentheses              wrap-iife
   672:20   error  Unexpected space before function parentheses                      space-before-function-paren
   673:40   error  There should be no space after this paren                         space-in-parens
   673:41   error  Expected space or tab after '/*' in comment                       spaced-comment
   674:26   error  Extra semicolon                                                   semi
   676:19   error  Extra semicolon                                                   semi
   678:18   error  Unexpected constant condition                                     no-constant-condition
   682:37   error  Extra semicolon                                                   semi
   683:24   error  Extra semicolon                                                   semi
   686:41   error  Strings must use singlequote                                      quotes
   686:50   error  Extra semicolon                                                   semi
   692:52   error  Extra semicolon                                                   semi
   695:61   error  Unexpected space before function parentheses                      space-before-function-paren
   700:20   error  Extra semicolon                                                   semi
   701:19   error  Extra semicolon                                                   semi
   705:35   error  Extra semicolon                                                   semi
   706:44   error  Unexpected space before function parentheses                      space-before-function-paren
   707:44   error  Unexpected space before function parentheses                      space-before-function-paren
   708:67   error  Extra semicolon                                                   semi
   709:20   error  Extra semicolon                                                   semi
   711:42   error  Unexpected space before function parentheses                      space-before-function-paren
   712:30   error  Extra semicolon                                                   semi
   713:20   error  Extra semicolon                                                   semi
   715:45   error  Unexpected space before function parentheses                      space-before-function-paren
   716:94   error  Extra semicolon                                                   semi
   717:30   error  Extra semicolon                                                   semi
   718:20   error  Extra semicolon                                                   semi
   720:44   error  Unexpected space before function parentheses                      space-before-function-paren
   721:93   error  Extra semicolon                                                   semi
   722:30   error  Extra semicolon                                                   semi
   723:20   error  Extra semicolon                                                   semi
   725:43   error  Unexpected space before function parentheses                      space-before-function-paren
   726:91   error  Extra semicolon                                                   semi
   727:30   error  Extra semicolon                                                   semi
   728:20   error  Extra semicolon                                                   semi
   729:19   error  Extra semicolon                                                   semi
   732:35   error  Extra semicolon                                                   semi
   733:46   error  Extra semicolon                                                   semi
   738:47   error  Extra semicolon                                                   semi
   739:44   error  Extra semicolon                                                   semi
   742:47   error  Extra semicolon                                                   semi
   743:40   error  Extra semicolon                                                   semi
   744:36   error  Extra semicolon                                                   semi
   745:35   error  Extra semicolon                                                   semi
   748:38   error  Extra semicolon                                                   semi
   749:24   error  Extra semicolon                                                   semi
   752:36   error  Extra semicolon                                                   semi
   753:56   error  Extra semicolon                                                   semi
   756:46   error  Extra semicolon                                                   semi
   758:15   error  Expected a 'break' statement before 'case'                        no-fallthrough
   759:20   error  Strings must use singlequote                                      quotes
   760:40   error  Extra semicolon                                                   semi
   763:27   error  Extra semicolon                                                   semi
   764:10   error  Extra semicolon                                                   semi
   767:47   error  Extra semicolon                                                   semi
   770:21   error  Extra semicolon                                                   semi
   783:10   error  Strings must use singlequote                                      quotes
   805:107  error  Extra semicolon                                                   semi
   809:60   error  Extra semicolon                                                   semi
   812:49   error  Extra semicolon                                                   semi
   813:42   error  Extra semicolon                                                   semi
   817:38   error  Extra semicolon                                                   semi
   820:89   error  Extra semicolon                                                   semi
   823:55   error  Unexpected space before function parentheses                      space-before-function-paren
   828:10   error  Extra semicolon                                                   semi
   829:9    error  Extra semicolon                                                   semi
   831:32   error  Unexpected space before function parentheses                      space-before-function-paren
   832:50   error  Extra semicolon                                                   semi
   833:8    error  Extra semicolon                                                   semi
   835:58   error  Extra semicolon                                                   semi
   858:10   error  Strings must use singlequote                                      quotes
   860:24   error  Extra semicolon                                                   semi
   864:60   error  Extra semicolon                                                   semi
   869:1    error  More than 1 blank line not allowed                                no-multiple-empty-lines
   870:55   error  Unexpected space before function parentheses                      space-before-function-paren
   875:10   error  Extra semicolon                                                   semi
   876:9    error  Extra semicolon                                                   semi
   878:32   error  Unexpected space before function parentheses                      space-before-function-paren
   879:50   error  Extra semicolon                                                   semi
   880:8    error  Extra semicolon                                                   semi
   882:58   error  Extra semicolon                                                   semi
   905:10   error  Strings must use singlequote                                      quotes
   907:24   error  Extra semicolon                                                   semi
   909:107  error  Extra semicolon                                                   semi
   913:60   error  Extra semicolon                                                   semi
   917:1    error  More than 1 blank line not allowed                                no-multiple-empty-lines
   919:38   error  Extra semicolon                                                   semi
   928:1    error  More than 1 blank line not allowed                                no-multiple-empty-lines
   929:49   error  Extra semicolon                                                   semi
   930:55   error  Unexpected space before function parentheses                      space-before-function-paren
   944:31   error  Extra semicolon                                                   semi
   947:48   error  Extra semicolon                                                   semi
   949:43   error  Extra semicolon                                                   semi
   951:43   error  Extra semicolon                                                   semi
   954:76   error  Extra semicolon                                                   semi
   957:59   error  Extra semicolon                                                   semi
   962:10   error  Extra semicolon                                                   semi
   963:9    error  Extra semicolon                                                   semi
   965:32   error  Unexpected space before function parentheses                      space-before-function-paren
   966:50   error  Extra semicolon                                                   semi
   967:8    error  Extra semicolon                                                   semi
   969:58   error  Extra semicolon                                                   semi
   992:10   error  Strings must use singlequote                                      quotes
   994:24   error  Extra semicolon                                                   semi
   998:60   error  Extra semicolon                                                   semi
  1002:1    error  More than 1 blank line not allowed                                no-multiple-empty-lines
  1003:61   error  Extra semicolon                                                   semi
  1006:49   error  Extra semicolon                                                   semi
  1007:29   error  Extra semicolon                                                   semi
  1008:50   error  Extra semicolon                                                   semi
  1011:36   error  Extra semicolon                                                   semi
  1016:1    error  More than 1 blank line not allowed                                no-multiple-empty-lines
  1018:38   error  Extra semicolon                                                   semi
  1023:1    error  More than 1 blank line not allowed                                no-multiple-empty-lines
  1024:59   error  Extra semicolon                                                   semi
  1025:76   error  Extra semicolon                                                   semi
  1028:55   error  Unexpected space before function parentheses                      space-before-function-paren
  1031:22   error  Extra semicolon                                                   semi
  1034:1    error  More than 1 blank line not allowed                                no-multiple-empty-lines
  1035:59   error  Extra semicolon                                                   semi
  1040:10   error  Extra semicolon                                                   semi
  1041:9    error  Extra semicolon                                                   semi
  1044:32   error  Extra semicolon                                                   semi
  1049:32   error  Unexpected space before function parentheses                      space-before-function-paren
  1050:68   error  Extra semicolon                                                   semi
  1051:8    error  Extra semicolon                                                   semi
  1053:34   error  Unexpected space before function parentheses                      space-before-function-paren
  1054:33   error  Unexpected space before function parentheses                      space-before-function-paren
  1055:112  error  Extra semicolon                                                   semi
  1056:10   error  Extra semicolon                                                   semi
  1058:32   error  Unexpected space before function parentheses                      space-before-function-paren
  1059:20   error  Extra semicolon                                                   semi
  1061:68   error  Extra semicolon                                                   semi
  1062:10   error  Extra semicolon                                                   semi
  1064:35   error  Unexpected space before function parentheses                      space-before-function-paren
  1065:56   error  Extra semicolon                                                   semi
  1066:10   error  Extra semicolon                                                   semi
  1068:34   error  Unexpected space before function parentheses                      space-before-function-paren
  1069:27   error  Extra semicolon                                                   semi
  1070:10   error  Extra semicolon                                                   semi
  1071:9    error  Extra semicolon                                                   semi
  1085:10   error  Strings must use singlequote                                      quotes
  1087:30   error  Extra semicolon                                                   semi
  1091:20   error  Extra semicolon                                                   semi
  1095:1    error  More than 1 blank line not allowed                                no-multiple-empty-lines
  1096:38   error  Extra semicolon                                                   semi
  1097:34   error  Extra semicolon                                                   semi
  1102:57   error  Extra semicolon                                                   semi
  1121:21   error  Extra semicolon                                                   semi
  1128:1    error  More than 1 blank line not allowed                                no-multiple-empty-lines
  1132:78   error  Extra semicolon                                                   semi
  1133:72   error  Extra semicolon                                                   semi
  1136:23   error  Extra semicolon                                                   semi
  1139:75   error  Extra semicolon                                                   semi
  1142:22   error  Extra semicolon                                                   semi
  1145:1    error  More than 1 blank line not allowed                                no-multiple-empty-lines
  1146:114  error  Extra semicolon                                                   semi
  1151:81   error  Extra semicolon                                                   semi
  1156:1    error  More than 1 blank line not allowed                                no-multiple-empty-lines
  1157:19   error  Extra semicolon                                                   semi
  1179:10   error  Strings must use singlequote                                      quotes
  1181:24   error  Extra semicolon                                                   semi
  1191:153  error  Extra semicolon                                                   semi
  1194:46   error  Extra semicolon                                                   semi
  1197:45   error  Extra semicolon                                                   semi
  1198:10   error  Extra semicolon                                                   semi
  1200:70   error  Extra semicolon                                                   semi
  1203:37   error  Extra semicolon                                                   semi
  1204:31   error  Extra semicolon                                                   semi
  1226:10   error  Strings must use singlequote                                      quotes
  1231:63   error  Extra semicolon                                                   semi
  1232:32   error  Extra semicolon                                                   semi
  1235:1    error  More than 1 blank line not allowed                                no-multiple-empty-lines
  1236:25   error  Extra semicolon                                                   semi
  1237:31   error  Extra semicolon                                                   semi
  1256:10   error  Strings must use singlequote                                      quotes
  1257:12   error  Wrap an immediate function invocation in parentheses              wrap-iife
  1257:20   error  Unexpected space before function parentheses                      space-before-function-paren
  1258:42   error  There should be no space after this paren                         space-in-parens
  1258:43   error  Expected space or tab after '/*' in comment                       spaced-comment
  1260:18   error  Unexpected constant condition                                     no-constant-condition
  1268:55   error  Extra semicolon                                                   semi
  1271:73   error  Extra semicolon                                                   semi
  1274:36   error  Extra semicolon                                                   semi
  1275:37   error  Extra semicolon                                                   semi
  1276:31   error  Extra semicolon                                                   semi
  1280:78   error  Extra semicolon                                                   semi
  1281:75   error  Extra semicolon                                                   semi
  1282:73   error  Extra semicolon                                                   semi
  1283:73   error  Extra semicolon                                                   semi
  1284:78   error  Extra semicolon                                                   semi
  1289:1    error  More than 1 blank line not allowed                                no-multiple-empty-lines
  1291:52   error  Extra semicolon                                                   semi
  1292:49   error  Extra semicolon                                                   semi
  1296:44   error  Extra semicolon                                                   semi
  1297:44   error  Extra semicolon                                                   semi
  1301:1    error  More than 1 blank line not allowed                                no-multiple-empty-lines
  1303:38   error  Extra semicolon                                                   semi
  1304:24   error  Extra semicolon                                                   semi
  1307:36   error  Extra semicolon                                                   semi
  1308:43   error  Extra semicolon                                                   semi
  1311:36   error  Extra semicolon                                                   semi
  1312:43   error  Extra semicolon                                                   semi
  1314:15   error  Expected a 'break' statement before 'case'                        no-fallthrough
  1316:38   error  Extra semicolon                                                   semi
  1317:24   error  Extra semicolon                                                   semi
  1320:36   error  Extra semicolon                                                   semi
  1321:47   error  Extra semicolon                                                   semi
  1325:38   error  Extra semicolon                                                   semi
  1326:24   error  Extra semicolon                                                   semi
  1329:36   error  Extra semicolon                                                   semi
  1330:55   error  Extra semicolon                                                   semi
  1333:45   error  Extra semicolon                                                   semi
  1335:15   error  Expected a 'break' statement before 'case'                        no-fallthrough
  1339:43   error  Extra semicolon                                                   semi
  1340:40   error  Extra semicolon                                                   semi
  1345:1    error  More than 1 blank line not allowed                                no-multiple-empty-lines
  1347:38   error  Extra semicolon                                                   semi
  1348:24   error  Extra semicolon                                                   semi
  1351:36   error  Extra semicolon                                                   semi
  1352:57   error  Extra semicolon                                                   semi
  1355:47   error  Extra semicolon                                                   semi
  1357:15   error  Expected a 'break' statement before 'case'                        no-fallthrough
  1359:50   error  Extra semicolon                                                   semi
  1366:1    error  More than 1 blank line not allowed                                no-multiple-empty-lines
  1368:38   error  Extra semicolon                                                   semi
  1369:24   error  Extra semicolon                                                   semi
  1372:36   error  Extra semicolon                                                   semi
  1373:44   error  Unexpected space before function parentheses                      space-before-function-paren
  1374:59   error  Extra semicolon                                                   semi
  1375:19   error  Extra semicolon                                                   semi
  1378:56   error  Extra semicolon                                                   semi
  1379:40   error  Extra semicolon                                                   semi
  1381:15   error  Expected a 'break' statement before 'case'                        no-fallthrough
  1383:38   error  Extra semicolon                                                   semi
  1384:24   error  Extra semicolon                                                   semi
  1387:36   error  Extra semicolon                                                   semi
  1388:49   error  Extra semicolon                                                   semi
  1391:39   error  Extra semicolon                                                   semi
  1393:15   error  Expected a 'break' statement before 'case'                        no-fallthrough
  1394:44   error  Extra semicolon                                                   semi
  1395:38   error  Extra semicolon                                                   semi
  1396:44   error  Extra semicolon                                                   semi
  1397:49   error  Extra semicolon                                                   semi
  1398:38   error  Extra semicolon                                                   semi
  1399:42   error  Extra semicolon                                                   semi
  1401:45   error  Extra semicolon                                                   semi
  1402:46   error  Extra semicolon                                                   semi
  1404:42   error  Extra semicolon                                                   semi
  1406:15   error  Expected a 'break' statement before 'case'                        no-fallthrough
  1407:20   error  Strings must use singlequote                                      quotes
  1408:40   error  Extra semicolon                                                   semi
  1411:27   error  Extra semicolon                                                   semi
  1412:10   error  Extra semicolon                                                   semi
  1415:49   error  Extra semicolon                                                   semi
  1418:23   error  Extra semicolon                                                   semi
  1436:10   error  Strings must use singlequote                                      quotes
  1437:12   error  Wrap an immediate function invocation in parentheses              wrap-iife
  1437:20   error  Unexpected space before function parentheses                      space-before-function-paren
  1438:63   error  There should be no space after this paren                         space-in-parens
  1438:64   error  Expected space or tab after '/*' in comment                       spaced-comment
  1439:89   error  Extra semicolon                                                   semi
  1441:18   error  Unexpected constant condition                                     no-constant-condition
  1444:164  error  Extra semicolon                                                   semi
  1445:115  error  Extra semicolon                                                   semi
  1446:165  error  Extra semicolon                                                   semi
  1447:114  error  Extra semicolon                                                   semi
  1448:137  error  Extra semicolon                                                   semi
  1453:71   error  Extra semicolon                                                   semi
  1454:77   error  Extra semicolon                                                   semi
  1455:61   error  Extra semicolon                                                   semi
  1456:120  error  Extra semicolon                                                   semi
  1459:36   error  Extra semicolon                                                   semi
  1460:48   error  Extra semicolon                                                   semi
  1464:60   error  Extra semicolon                                                   semi
  1466:15   error  Expected a 'break' statement before 'case'                        no-fallthrough
  1467:20   error  Strings must use singlequote                                      quotes
  1468:40   error  Extra semicolon                                                   semi
  1471:27   error  Extra semicolon                                                   semi
  1472:10   error  Extra semicolon                                                   semi
  1475:70   error  Extra semicolon                                                   semi
  1478:44   error  Extra semicolon                                                   semi
  1494:10   error  Strings must use singlequote                                      quotes
  1495:12   error  Wrap an immediate function invocation in parentheses              wrap-iife
  1495:20   error  Unexpected space before function parentheses                      space-before-function-paren
  1496:52   error  There should be no space after this paren                         space-in-parens
  1496:53   error  Expected space or tab after '/*' in comment                       spaced-comment
  1497:55   error  Extra semicolon                                                   semi
  1499:18   error  Unexpected constant condition                                     no-constant-condition
  1502:113  error  Extra semicolon                                                   semi
  1503:163  error  Extra semicolon                                                   semi
  1504:111  error  Extra semicolon                                                   semi
  1505:97   error  Extra semicolon                                                   semi
  1508:46   error  Extra semicolon                                                   semi
  1509:36   error  Extra semicolon                                                   semi
  1510:102  error  Extra semicolon                                                   semi
  1513:35   error  Extra semicolon                                                   semi
  1514:58   error  Extra semicolon                                                   semi
  1516:42   error  Extra semicolon                                                   semi
  1518:36   error  Extra semicolon                                                   semi
  1519:130  error  Extra semicolon                                                   semi
  1522:53   error  Extra semicolon                                                   semi
  1523:81   error  Extra semicolon                                                   semi
  1524:75   error  Extra semicolon                                                   semi
  1525:80   error  Extra semicolon                                                   semi
  1528:53   error  Extra semicolon                                                   semi
  1531:55   error  Extra semicolon                                                   semi
  1533:15   error  Expected a 'break' statement before 'case'                        no-fallthrough
  1534:20   error  Strings must use singlequote                                      quotes
  1535:40   error  Extra semicolon                                                   semi
  1538:27   error  Extra semicolon                                                   semi
  1539:10   error  Extra semicolon                                                   semi
  1542:59   error  Extra semicolon                                                   semi
  1545:33   error  Extra semicolon                                                   semi
  1561:10   error  Strings must use singlequote                                      quotes
  1563:24   error  Extra semicolon                                                   semi
  1565:120  error  Extra semicolon                                                   semi
  1566:104  error  Extra semicolon                                                   semi
  1567:77   error  Extra semicolon                                                   semi
  1568:97   error  Extra semicolon                                                   semi
  1569:90   error  Extra semicolon                                                   semi
  1570:76   error  Extra semicolon                                                   semi
  1571:94   error  Extra semicolon                                                   semi
  1574:29   error  Extra semicolon                                                   semi
  1575:52   error  Extra semicolon                                                   semi
  1578:50   error  Extra semicolon                                                   semi
  1581:1    error  Expected indentation of 8 spaces but found 6                      indent
  1581:15   error  Unexpected space before function parentheses                      space-before-function-paren
  1582:1    error  Expected indentation of 10 spaces but found 8                     indent
  1582:69   error  Extra semicolon                                                   semi
  1583:1    error  Expected indentation of 8 spaces but found 6                      indent
  1583:9    error  Extra semicolon                                                   semi
  1587:49   error  Extra semicolon                                                   semi
  1590:51   error  Extra semicolon                                                   semi
  1596:58   error  Extra semicolon                                                   semi
  1599:45   error  Extra semicolon                                                   semi
  1602:40   error  Extra semicolon                                                   semi
  1604:8    error  Extra semicolon                                                   semi
  1605:40   error  Extra semicolon                                                   semi
  1608:1    error  Expected indentation of 8 spaces but found 6                      indent
  1608:25   error  There should be no space after this paren                         space-in-parens
  1608:26   error  Expected space or tab after '/*' in comment                       spaced-comment
  1609:1    error  Expected indentation of 10 spaces but found 8                     indent
  1609:30   error  Extra semicolon                                                   semi
  1610:1    error  Expected indentation of 10 spaces but found 8                     indent
  1611:1    error  Expected indentation of 12 spaces but found 10                    indent
  1611:18   error  Unexpected constant condition                                     no-constant-condition
  1612:1    error  Expected indentation of 14 spaces but found 12                    indent
  1613:1    error  Expected indentation of 16 spaces but found 14                    indent
  1614:1    error  Expected indentation of 18 spaces but found 16                    indent
  1614:35   error  Extra semicolon                                                   semi
  1615:1    error  Expected indentation of 18 spaces but found 16                    indent
  1615:71   error  Extra semicolon                                                   semi
  1617:1    error  Expected indentation of 16 spaces but found 14                    indent
  1618:1    error  Expected indentation of 18 spaces but found 16                    indent
  1618:50   error  Extra semicolon                                                   semi
  1619:1    error  Expected indentation of 18 spaces but found 16                    indent
  1620:1    error  Expected indentation of 18 spaces but found 16                    indent
  1621:1    error  Expected indentation of 18 spaces but found 16                    indent
  1621:68   error  Extra semicolon                                                   semi
  1623:1    error  Expected indentation of 18 spaces but found 16                    indent
  1623:44   error  Extra semicolon                                                   semi
  1625:1    error  More than 1 blank line not allowed                                no-multiple-empty-lines
  1626:1    error  Expected indentation of 18 spaces but found 16                    indent
  1627:1    error  Expected indentation of 20 spaces but found 18                    indent
  1627:37   error  Extra semicolon                                                   semi
  1628:1    error  Expected indentation of 20 spaces but found 18                    indent
  1628:24   error  Extra semicolon                                                   semi
  1629:1    error  Expected indentation of 18 spaces but found 16                    indent
  1631:1    error  Expected indentation of 18 spaces but found 16                    indent
  1631:105  error  Extra semicolon                                                   semi
  1633:1    error  Expected indentation of 16 spaces but found 14                    indent
  1636:1    error  Expected indentation of 18 spaces but found 16                    indent
  1636:70   error  Extra semicolon                                                   semi
  1637:1    error  Expected indentation of 18 spaces but found 16                    indent
  1637:40   error  Extra semicolon                                                   semi
  1638:1    error  Expected indentation of 18 spaces but found 16                    indent
  1638:40   error  Extra semicolon                                                   semi
  1640:1    error  Expected indentation of 18 spaces but found 16                    indent
  1640:53   error  Extra semicolon                                                   semi
  1642:1    error  Expected indentation of 16 spaces but found 14                    indent
  1642:15   error  Expected a 'break' statement before 'case'                        no-fallthrough
  1643:1    error  Expected indentation of 16 spaces but found 14                    indent
  1643:20   error  Strings must use singlequote                                      quotes
  1644:1    error  Expected indentation of 18 spaces but found 16                    indent
  1644:40   error  Extra semicolon                                                   semi
  1645:1    error  Expected indentation of 14 spaces but found 12                    indent
  1646:1    error  Expected indentation of 12 spaces but found 10                    indent
  1647:1    error  Expected indentation of 10 spaces but found 8                     indent
  1647:21   error  Extra semicolon                                                   semi
  1648:1    error  Expected indentation of 8 spaces but found 6                      indent
  1649:1    error  Expected indentation of 8 spaces but found 6                      indent
  1650:1    error  Expected indentation of 8 spaces but found 6                      indent
  1650:15   error  Unexpected space before function parentheses                      space-before-function-paren
  1651:1    error  Expected indentation of 10 spaces but found 8                     indent
  1651:48   error  Extra semicolon                                                   semi
  1652:1    error  Expected indentation of 10 spaces but found 8                     indent
  1652:37   error  Extra semicolon                                                   semi
  1653:1    error  Expected indentation of 8 spaces but found 6                      indent
  1653:9    error  Extra semicolon                                                   semi
  1670:10   error  Strings must use singlequote                                      quotes
  1671:12   error  Wrap an immediate function invocation in parentheses              wrap-iife
  1671:20   error  Unexpected space before function parentheses                      space-before-function-paren
  1672:49   error  There should be no space after this paren                         space-in-parens
  1672:50   error  Expected space or tab after '/*' in comment                       spaced-comment
  1673:26   error  Extra semicolon                                                   semi
  1675:34   error  Extra semicolon                                                   semi
  1677:18   error  Unexpected constant condition                                     no-constant-condition
  1680:126  error  Extra semicolon                                                   semi
  1681:109  error  Extra semicolon                                                   semi
  1682:116  error  Extra semicolon                                                   semi
  1683:106  error  Extra semicolon                                                   semi
  1684:108  error  Extra semicolon                                                   semi
  1685:46   error  Extra semicolon                                                   semi
  1686:34   error  Extra semicolon                                                   semi
  1690:39   error  Extra semicolon                                                   semi
  1693:45   error  Extra semicolon                                                   semi
  1696:64   error  Extra semicolon                                                   semi
  1699:44   error  Extra semicolon                                                   semi
  1702:41   error  Extra semicolon                                                   semi
  1703:50   error  Extra semicolon                                                   semi
  1704:50   error  Extra semicolon                                                   semi
  1706:54   error  Extra semicolon                                                   semi
  1709:19   error  Extra semicolon                                                   semi
  1710:60   error  Extra semicolon                                                   semi
  1711:36   error  Extra semicolon                                                   semi
  1712:141  error  Extra semicolon                                                   semi
  1717:63   error  Extra semicolon                                                   semi
  1719:15   error  Expected a 'break' statement before 'case'                        no-fallthrough
  1720:20   error  Strings must use singlequote                                      quotes
  1721:40   error  Extra semicolon                                                   semi
  1724:27   error  Extra semicolon                                                   semi
  1725:10   error  Extra semicolon                                                   semi
  1728:56   error  Extra semicolon                                                   semi
  1731:30   error  Extra semicolon                                                   semi
  1754:10   error  Strings must use singlequote                                      quotes
  1755:12   error  Wrap an immediate function invocation in parentheses              wrap-iife
  1755:20   error  Unexpected space before function parentheses                      space-before-function-paren
  1756:40   error  There should be no space after this paren                         space-in-parens
  1756:41   error  Expected space or tab after '/*' in comment                       spaced-comment
  1757:26   error  Extra semicolon                                                   semi
  1759:240  error  Extra semicolon                                                   semi
  1762:18   error  Unexpected constant condition                                     no-constant-condition
  1765:130  error  Extra semicolon                                                   semi
  1766:114  error  Extra semicolon                                                   semi
  1767:97   error  Extra semicolon                                                   semi
  1768:128  error  Extra semicolon                                                   semi
  1771:48   error  Extra semicolon                                                   semi
  1774:48   error  Extra semicolon                                                   semi
  1775:35   error  Extra semicolon                                                   semi
  1777:42   error  Extra semicolon                                                   semi
  1780:54   error  Extra semicolon                                                   semi
  1781:18   error  Extra semicolon                                                   semi
  1784:48   error  Extra semicolon                                                   semi
  1785:18   error  Extra semicolon                                                   semi
  1787:87   error  Extra semicolon                                                   semi
  1788:85   error  Extra semicolon                                                   semi
  1789:85   error  Extra semicolon                                                   semi
  1790:84   error  Extra semicolon                                                   semi
  1791:53   error  Extra semicolon                                                   semi
  1794:55   error  Extra semicolon                                                   semi
  1795:72   error  Extra semicolon                                                   semi
  1798:130  error  Extra semicolon                                                   semi
  1800:68   error  Unexpected space before function parentheses                      space-before-function-paren
  1800:78   error  Extra semicolon                                                   semi
  1803:63   error  Extra semicolon                                                   semi
  1808:1    error  More than 1 blank line not allowed                                no-multiple-empty-lines
  1809:81   error  Extra semicolon                                                   semi
  1812:194  error  Extra semicolon                                                   semi
  1813:79   error  Extra semicolon                                                   semi
  1814:132  error  Extra semicolon                                                   semi
  1815:36   error  Extra semicolon                                                   semi
  1816:60   error  Extra semicolon                                                   semi
  1819:47   error  Unexpected space before function parentheses                      space-before-function-paren
  1820:74   error  Extra semicolon                                                   semi
  1821:19   error  Extra semicolon                                                   semi
  1822:68   error  Extra semicolon                                                   semi
  1823:80   error  Extra semicolon                                                   semi
  1826:57   error  Extra semicolon                                                   semi
  1829:57   error  Extra semicolon                                                   semi
  1832:58   error  Extra semicolon                                                   semi
  1834:19   error  Extra semicolon                                                   semi
  1838:115  error  Extra semicolon                                                   semi
  1839:63   error  Extra semicolon                                                   semi
  1840:69   error  Extra semicolon                                                   semi
  1841:72   error  Extra semicolon                                                   semi
  1844:54   error  Extra semicolon                                                   semi
  1849:55   error  Extra semicolon                                                   semi
  1853:73   error  Extra semicolon                                                   semi
  1856:36   error  Extra semicolon                                                   semi
  1857:53   error  Extra semicolon                                                   semi
  1864:55   error  Extra semicolon                                                   semi
  1865:66   error  Extra semicolon                                                   semi
  1866:60   error  Extra semicolon                                                   semi
  1869:1    error  More than 1 blank line not allowed                                no-multiple-empty-lines
  1870:49   error  Extra semicolon                                                   semi
  1871:42   error  Extra semicolon                                                   semi
  1872:43   error  Extra semicolon                                                   semi
  1873:36   error  Extra semicolon                                                   semi
  1876:39   error  Extra semicolon                                                   semi
  1877:48   error  Extra semicolon                                                   semi
  1880:1    error  More than 1 blank line not allowed                                no-multiple-empty-lines
  1881:36   error  Extra semicolon                                                   semi
  1882:22   error  Extra semicolon                                                   semi
  1885:36   error  Extra semicolon                                                   semi
  1886:42   error  Strings must use singlequote                                      quotes
  1886:54   error  Extra semicolon                                                   semi
  1887:41   error  Extra semicolon                                                   semi
  1888:46   error  Extra semicolon                                                   semi
  1890:15   error  Expected a 'break' statement before 'case'                        no-fallthrough
  1891:36   error  Extra semicolon                                                   semi
  1892:36   error  Extra semicolon                                                   semi
  1894:61   error  Strings must use singlequote                                      quotes
  1895:29   error  Strings must use singlequote                                      quotes
  1895:40   error  Extra semicolon                                                   semi
  1898:15   error  Expected a 'break' statement before 'case'                        no-fallthrough
  1899:36   error  Extra semicolon                                                   semi
  1902:38   error  Extra semicolon                                                   semi
  1903:24   error  Extra semicolon                                                   semi
  1906:37   error  Extra semicolon                                                   semi
  1909:44   error  Extra semicolon                                                   semi
  1912:44   error  Extra semicolon                                                   semi
  1915:40   error  Extra semicolon                                                   semi
  1917:37   error  Extra semicolon                                                   semi
  1923:91   error  Extra semicolon                                                   semi
  1924:66   error  Unexpected space before function parentheses                      space-before-function-paren
  1925:35   error  Extra semicolon                                                   semi
  1926:19   error  Extra semicolon                                                   semi
  1929:123  error  Extra semicolon                                                   semi
  1932:60   error  Extra semicolon                                                   semi
  1934:83   error  Unexpected space before function parentheses                      space-before-function-paren
  1935:46   error  Extra semicolon                                                   semi
  1936:58   error  Extra semicolon                                                   semi
  1938:54   error  Extra semicolon                                                   semi
  1939:19   error  Extra semicolon                                                   semi
  1941:15   error  Expected a 'break' statement before 'case'                        no-fallthrough
  1942:20   error  Strings must use singlequote                                      quotes
  1943:40   error  Extra semicolon                                                   semi
  1946:47   error  Unexpected comma in middle of array                               no-sparse-arrays
  1946:62   error  Extra semicolon                                                   semi
  1947:10   error  Extra semicolon                                                   semi
  1950:47   error  Extra semicolon                                                   semi
  1953:21   error  Extra semicolon                                                   semi
  1969:10   error  Strings must use singlequote                                      quotes
  1970:12   error  Wrap an immediate function invocation in parentheses              wrap-iife
  1970:20   error  Unexpected space before function parentheses                      space-before-function-paren
  1971:58   error  There should be no space after this paren                         space-in-parens
  1971:59   error  Expected space or tab after '/*' in comment                       spaced-comment
  1972:27   error  Extra semicolon                                                   semi
  1974:56   error  Extra semicolon                                                   semi
  1976:18   error  Unexpected constant condition                                     no-constant-condition
  1979:62   error  Extra semicolon                                                   semi
  1980:125  error  Extra semicolon                                                   semi
  1981:115  error  Extra semicolon                                                   semi
  1982:46   error  Extra semicolon                                                   semi
  1983:34   error  Extra semicolon                                                   semi
  1987:40   error  Extra semicolon                                                   semi
  1990:46   error  Extra semicolon                                                   semi
  1993:65   error  Extra semicolon                                                   semi
  1996:45   error  Extra semicolon                                                   semi
  1999:41   error  Extra semicolon                                                   semi
  2000:50   error  Extra semicolon                                                   semi
  2001:50   error  Extra semicolon                                                   semi
  2003:55   error  Extra semicolon                                                   semi
  2006:19   error  Extra semicolon                                                   semi
  2007:60   error  Extra semicolon                                                   semi
  2027:47   error  Extra semicolon                                                   semi
  2050:18   error  Extra semicolon                                                   semi
  2051:36   error  Extra semicolon                                                   semi
  2054:1    error  Expected indentation of 18 spaces but found 16                    indent
  2054:20   error  Extra semicolon                                                   semi
  2057:36   error  Extra semicolon                                                   semi
  2058:64   error  Extra semicolon                                                   semi
  2061:20   error  Strings must use singlequote                                      quotes
  2062:40   error  Extra semicolon                                                   semi
  2065:27   error  Extra semicolon                                                   semi
  2066:10   error  Extra semicolon                                                   semi
  2069:65   error  Extra semicolon                                                   semi
  2072:39   error  Extra semicolon                                                   semi
  2090:10   error  Strings must use singlequote                                      quotes
  2092:25   error  Extra semicolon                                                   semi
  2094:87   error  Extra semicolon                                                   semi
  2095:79   error  Extra semicolon                                                   semi
  2096:109  error  Extra semicolon                                                   semi
  2097:107  error  Extra semicolon                                                   semi
  2100:26   error  Extra semicolon                                                   semi
  2101:38   error  Extra semicolon                                                   semi
  2103:31   error  Extra semicolon                                                   semi
  2104:63   error  Extra semicolon                                                   semi
  2107:51   error  Extra semicolon                                                   semi
  2112:47   error  Extra semicolon                                                   semi
  2115:47   error  Extra semicolon                                                   semi
  2118:48   error  Extra semicolon                                                   semi
  2120:9    error  Extra semicolon                                                   semi
  2124:69   error  Extra semicolon                                                   semi
  2125:53   error  Extra semicolon                                                   semi
  2128:45   error  Extra semicolon                                                   semi
  2129:8    error  Extra semicolon                                                   semi
  2131:81   error  Extra semicolon                                                   semi
  2132:79   error  Extra semicolon                                                   semi
  2133:79   error  Extra semicolon                                                   semi
  2135:77   error  Unexpected space before function parentheses                      space-before-function-paren
  2136:36   error  Extra semicolon                                                   semi
  2137:48   error  Extra semicolon                                                   semi
  2139:45   error  Extra semicolon                                                   semi
  2140:9    error  Extra semicolon                                                   semi
  2145:80   error  Unexpected space before function parentheses                      space-before-function-paren
  2146:44   error  Extra semicolon                                                   semi
  2147:11   error  Extra semicolon                                                   semi
  2148:83   error  Unexpected space before function parentheses                      space-before-function-paren
  2149:44   error  Extra semicolon                                                   semi
  2150:11   error  Extra semicolon                                                   semi
  2151:78   error  Unexpected space before function parentheses                      space-before-function-paren
  2152:44   error  Extra semicolon                                                   semi
  2153:11   error  Extra semicolon                                                   semi
  2161:31   error  Extra semicolon                                                   semi
  2162:67   error  Unexpected space before function parentheses                      space-before-function-paren
  2163:44   error  Extra semicolon                                                   semi
  2164:11   error  Extra semicolon                                                   semi
  2165:70   error  Unexpected space before function parentheses                      space-before-function-paren
  2166:44   error  Extra semicolon                                                   semi
  2167:11   error  Extra semicolon                                                   semi
  2168:65   error  Unexpected space before function parentheses                      space-before-function-paren
  2169:44   error  Extra semicolon                                                   semi
  2170:11   error  Extra semicolon                                                   semi
  2174:1    error  More than 1 blank line not allowed                                no-multiple-empty-lines
  2175:37   error  Extra semicolon                                                   semi
  2178:43   error  Extra semicolon                                                   semi
  2182:63   error  Extra semicolon                                                   semi
  2184:44   error  Extra semicolon                                                   semi
  2188:30   error  Extra semicolon                                                   semi
  2191:59   error  Extra semicolon                                                   semi
  2194:74   error  Unexpected space before function parentheses                      space-before-function-paren
  2195:32   error  Extra semicolon                                                   semi
  2196:11   error  Extra semicolon                                                   semi
  2197:69   error  Unexpected space before function parentheses                      space-before-function-paren
  2198:64   error  Extra semicolon                                                   semi
  2199:11   error  Extra semicolon                                                   semi
  2204:1    error  Expected indentation of 8 spaces but found 6                      indent
  2204:15   error  Unexpected space before function parentheses                      space-before-function-paren
  2205:1    error  Expected indentation of 10 spaces but found 8                     indent
  2205:115  error  Extra semicolon                                                   semi
  2206:1    error  Expected indentation of 10 spaces but found 8                     indent
  2206:41   error  Extra semicolon                                                   semi
  2207:1    error  Expected indentation of 10 spaces but found 8                     indent
  2207:33   error  Extra semicolon                                                   semi
  2208:1    error  Expected indentation of 8 spaces but found 6                      indent
  2208:9    error  Extra semicolon                                                   semi
  2227:10   error  Strings must use singlequote                                      quotes
  2235:32   error  Extra semicolon                                                   semi
  2239:60   error  Unexpected space before function parentheses                      space-before-function-paren
  2240:48   error  Extra semicolon                                                   semi
  2241:13   error  Extra semicolon                                                   semi
  2247:114  error  Extra semicolon                                                   semi
  2252:32   error  Extra semicolon                                                   semi
  2255:72   error  Extra semicolon                                                   semi
  2258:32   error  Extra semicolon                                                   semi
  2261:72   error  Extra semicolon                                                   semi
  2264:53   error  Extra semicolon                                                   semi
  2269:1    error  More than 1 blank line not allowed                                no-multiple-empty-lines
  2270:44   error  Extra semicolon                                                   semi
  2271:44   error  Extra semicolon                                                   semi
  2272:37   error  Extra semicolon                                                   semi
  2273:11   error  It's not necessary to initialize '_iteratorError2' to undefined   no-undef-init
  2273:38   error  Extra semicolon                                                   semi
  2277:37   error  Extra semicolon                                                   semi
  2278:45   error  Extra semicolon                                                   semi
  2279:48   error  Extra semicolon                                                   semi
  2283:7    error  Block must not be padded by blank lines                           padded-blocks
  2284:34   error  Extra semicolon                                                   semi
  2285:30   error  Extra semicolon                                                   semi
  2288:57   error  Strings must use singlequote                                      quotes
  2289:24   error  Strings must use singlequote                                      quotes
  2289:35   error  Extra semicolon                                                   semi
  2293:13   error  Unsafe usage of ThrowStatement                                    no-unsafe-finally
  2293:34   error  Extra semicolon                                                   semi
  2298:28   error  Extra semicolon                                                   semi
  2299:44   error  Extra semicolon                                                   semi
  2300:40   error  Unexpected space before function parentheses                      space-before-function-paren
  2301:20   error  Extra semicolon                                                   semi
  2302:20   error  Extra semicolon                                                   semi
  2303:46   error  Extra semicolon                                                   semi
  2304:39   error  Extra semicolon                                                   semi
  2305:13   error  It's not necessary to initialize '_iteratorError3' to undefined   no-undef-init
  2305:40   error  Extra semicolon                                                   semi
  2309:39   error  Extra semicolon                                                   semi
  2310:42   error  Extra semicolon                                                   semi
  2311:18   error  Extra semicolon                                                   semi
  2314:36   error  Extra semicolon                                                   semi
  2315:32   error  Extra semicolon                                                   semi
  2318:59   error  Strings must use singlequote                                      quotes
  2319:26   error  Strings must use singlequote                                      quotes
  2319:37   error  Extra semicolon                                                   semi
  2323:15   error  Unsafe usage of ThrowStatement                                    no-unsafe-finally
  2323:36   error  Extra semicolon                                                   semi
  2328:41   error  Extra semicolon                                                   semi
  2329:75   error  Extra semicolon                                                   semi
  2332:30   error  Extra semicolon                                                   semi
  2333:52   error  Extra semicolon                                                   semi
  2335:9    error  Extra semicolon                                                   semi
  2336:72   error  Extra semicolon                                                   semi
  2337:86   error  Extra semicolon                                                   semi
  2340:44   error  Extra semicolon                                                   semi
  2341:37   error  Extra semicolon                                                   semi
  2342:11   error  It's not necessary to initialize '_iteratorError4' to undefined   no-undef-init
  2342:38   error  Extra semicolon                                                   semi
  2346:36   error  Extra semicolon                                                   semi
  2347:60   error  Unexpected space before function parentheses                      space-before-function-paren
  2348:48   error  Extra semicolon                                                   semi
  2351:26   error  Extra semicolon                                                   semi
  2354:80   error  Extra semicolon                                                   semi
  2355:25   error  Extra semicolon                                                   semi
  2356:13   error  Extra semicolon                                                   semi
  2359:34   error  Extra semicolon                                                   semi
  2360:30   error  Extra semicolon                                                   semi
  2363:57   error  Strings must use singlequote                                      quotes
  2364:24   error  Strings must use singlequote                                      quotes
  2364:35   error  Extra semicolon                                                   semi
  2368:13   error  Unsafe usage of ThrowStatement                                    no-unsafe-finally
  2368:34   error  Extra semicolon                                                   semi
  2383:10   error  Strings must use singlequote                                      quotes
  2385:44   error  Extra semicolon                                                   semi
  2395:10   error  Strings must use singlequote                                      quotes
  2397:25   error  Extra semicolon                                                   semi
  2405:78   error  Extra semicolon                                                   semi
  2407:8    error  Extra semicolon                                                   semi
  2409:54   error  Extra semicolon                                                   semi
  2420:10   error  Strings must use singlequote                                      quotes
  2422:25   error  Extra semicolon                                                   semi
  2424:59   error  Extra semicolon                                                   semi
  2425:53   error  Extra semicolon                                                   semi
  2426:110  error  Unexpected space before function parentheses                      space-before-function-paren
  2427:33   error  Extra semicolon                                                   semi
  2428:18   error  Unexpected space before function parentheses                      space-before-function-paren
  2429:44   error  Extra semicolon                                                   semi
  2430:9    error  Extra semicolon                                                   semi
  2441:10   error  Strings must use singlequote                                      quotes
  2443:25   error  Extra semicolon                                                   semi
  2445:59   error  Extra semicolon                                                   semi
  2446:72   error  Extra semicolon                                                   semi
  2447:61   error  Extra semicolon                                                   semi
  2450:62   error  Extra semicolon                                                   semi
  2451:43   error  Unexpected space before function parentheses                      space-before-function-paren
  2452:41   error  Extra semicolon                                                   semi
  2453:9    error  Extra semicolon                                                   semi
  2456:68   error  Extra semicolon                                                   semi
  2459:70   error  Extra semicolon                                                   semi
  2460:8    error  Extra semicolon                                                   semi
  2463:69   error  Extra semicolon                                                   semi
  2464:8    error  Extra semicolon                                                   semi
  2470:72   error  Extra semicolon                                                   semi
  2472:71   error  Extra semicolon                                                   semi
  2474:8    error  Extra semicolon                                                   semi
  2476:77   error  Extra semicolon                                                   semi
  2478:61   error  Extra semicolon                                                   semi
  2479:37   error  Extra semicolon                                                   semi
  2480:37   error  Extra semicolon                                                   semi
  2481:21   error  Extra semicolon                                                   semi
  2492:10   error  Strings must use singlequote                                      quotes
  2494:25   error  Extra semicolon                                                   semi
  2496:105  error  Extra semicolon                                                   semi
  2497:97   error  Extra semicolon                                                   semi
  2499:57   error  Extra semicolon                                                   semi
  2502:70   error  Extra semicolon                                                   semi
  2503:53   error  Extra semicolon                                                   semi
  2504:32   error  Extra semicolon                                                   semi
  2508:46   error  Unexpected space before function parentheses                      space-before-function-paren
  2509:35   error  Extra semicolon                                                   semi
  2512:1    error  Expected indentation of 8 spaces but found 6                      indent
  2512:12   error  Extra semicolon                                                   semi
  2522:10   error  Strings must use singlequote                                      quotes
  2525:46   error  Extra semicolon                                                   semi
  2532:91   error  Extra semicolon                                                   semi
  2533:80   error  Extra semicolon                                                   semi
  2543:10   error  Strings must use singlequote                                      quotes
  2545:91   error  Extra semicolon                                                   semi
  2546:82   error  Extra semicolon                                                   semi
  2547:24   error  Extra semicolon                                                   semi
  2551:53   error  Extra semicolon                                                   semi
  2552:16   error  Extra semicolon                                                   semi
  2555:52   error  Extra semicolon                                                   semi
  2556:16   error  Extra semicolon                                                   semi
  2559:32   error  Extra semicolon                                                   semi
  2560:16   error  Extra semicolon                                                   semi
  2563:102  error  Extra semicolon                                                   semi
  2564:80   error  Extra semicolon                                                   semi
  2567:34   error  Extra semicolon                                                   semi
  2582:10   error  Strings must use singlequote                                      quotes
  2584:86   error  Extra semicolon                                                   semi
  2594:10   error  Strings must use singlequote                                      quotes
  2596:25   error  Extra semicolon                                                   semi
  2598:127  error  Extra semicolon                                                   semi
  2603:45   error  Extra semicolon                                                   semi
  2606:60   error  Extra semicolon                                                   semi
  2611:50   error  Extra semicolon                                                   semi
  2614:38   error  Extra semicolon                                                   semi
  2617:41   error  Extra semicolon                                                   semi
  2620:46   error  Extra semicolon                                                   semi
  2623:45   error  Extra semicolon                                                   semi
  2626:46   error  Extra semicolon                                                   semi
  2628:8    error  Extra semicolon                                                   semi
  2629:66   error  Extra semicolon                                                   semi
  2659:10   error  Strings must use singlequote                                      quotes
  2661:63   error  Extra semicolon                                                   semi
  2662:115  error  Extra semicolon                                                   semi
  2665:66   error  Extra semicolon                                                   semi
  2668:75   error  Extra semicolon                                                   semi
  2669:100  error  Extra semicolon                                                   semi
  2670:26   error  Extra semicolon                                                   semi
  2671:17   error  Extra semicolon                                                   semi
  2679:10   error  Strings must use singlequote                                      quotes
  2682:76   error  Extra semicolon                                                   semi
  2685:45   error  Extra semicolon                                                   semi
  2688:47   error  Extra semicolon                                                   semi
  2692:52   error  Extra semicolon                                                   semi
  2696:64   error  Extra semicolon                                                   semi
  2700:48   error  Extra semicolon                                                   semi
  2701:41   error  Extra semicolon                                                   semi
  2702:15   error  It's not necessary to initialize '_iteratorError5' to undefined   no-undef-init
  2702:42   error  Extra semicolon                                                   semi
  2706:41   error  Extra semicolon                                                   semi
  2707:45   error  Extra semicolon                                                   semi
  2710:38   error  Extra semicolon                                                   semi
  2711:34   error  Extra semicolon                                                   semi
  2714:61   error  Strings must use singlequote                                      quotes
  2715:28   error  Strings must use singlequote                                      quotes
  2715:39   error  Extra semicolon                                                   semi
  2719:17   error  Unsafe usage of ThrowStatement                                    no-unsafe-finally
  2719:38   error  Extra semicolon                                                   semi
  2724:31   error  Extra semicolon                                                   semi
  2727:1    error  More than 1 blank line not allowed                                no-multiple-empty-lines
  2728:68   error  Extra semicolon                                                   semi
  2729:68   error  Extra semicolon                                                   semi
  2732:51   error  Extra semicolon                                                   semi
  2733:103  error  Extra semicolon                                                   semi
  2737:47   error  Extra semicolon                                                   semi
  2739:77   error  Extra semicolon                                                   semi
  2740:47   error  Extra semicolon                                                   semi
  2745:67   error  Extra semicolon                                                   semi
  2748:71   error  Extra semicolon                                                   semi
  2749:62   error  Extra semicolon                                                   semi
  2750:55   error  Extra semicolon                                                   semi
  2754:53   error  Extra semicolon                                                   semi
  2760:53   error  Extra semicolon                                                   semi
  2764:36   error  Extra semicolon                                                   semi
  2766:37   error  Extra semicolon                                                   semi
  2769:35   error  Extra semicolon                                                   semi
  2773:71   error  Extra semicolon                                                   semi
  2776:88   error  Extra semicolon                                                   semi
  2779:57   error  Extra semicolon                                                   semi
  2792:10   error  Strings must use singlequote                                      quotes
  2794:63   error  Extra semicolon                                                   semi
  2795:38   error  Extra semicolon                                                   semi
  2796:87   error  Extra semicolon                                                   semi
  2797:17   error  Extra semicolon                                                   semi
  2809:10   error  Strings must use singlequote                                      quotes
  2811:93   error  Extra semicolon                                                   semi
  2812:26   error  Extra semicolon                                                   semi
  2820:10   error  Strings must use singlequote                                      quotes
  2822:58   error  Extra semicolon                                                   semi
  2826:33   error  Extra semicolon                                                   semi
  2829:105  error  Extra semicolon                                                   semi
  2830:26   error  Extra semicolon                                                   semi
  2840:10   error  Strings must use singlequote                                      quotes
  2842:28   error  Extra semicolon                                                   semi
  2854:10   error  Strings must use singlequote                                      quotes
  2856:25   error  Extra semicolon                                                   semi
  2866:10   error  Strings must use singlequote                                      quotes
  2868:36   error  Extra semicolon                                                   semi
  2879:10   error  Strings must use singlequote                                      quotes
  2881:28   error  Extra semicolon                                                   semi
  2892:10   error  Strings must use singlequote                                      quotes
  2896:54   error  Extra semicolon                                                   semi
  2907:10   error  Strings must use singlequote                                      quotes
  2910:60   error  Extra semicolon                                                   semi
  2913:1    error  More than 1 blank line not allowed                                no-multiple-empty-lines
  2915:49   error  Extra semicolon                                                   semi
  2918:19   error  Extra semicolon                                                   semi
  2929:10   error  Strings must use singlequote                                      quotes
  2931:89   error  Extra semicolon                                                   semi
  2947:10   error  Strings must use singlequote                                      quotes
  2950:45   error  Extra semicolon                                                   semi
  2953:23   error  Extra semicolon                                                   semi
  2956:58   error  Extra semicolon                                                   semi
  2959:23   error  Extra semicolon                                                   semi
  2965:1    error  More than 1 blank line not allowed                                no-multiple-empty-lines
  2966:34   error  Extra semicolon                                                   semi
  2974:54   error  Extra semicolon                                                   semi
  2980:1    error  More than 1 blank line not allowed                                no-multiple-empty-lines
  2983:20   error  Extra semicolon                                                   semi
  2984:39   error  Extra semicolon                                                   semi
  2986:21   error  Extra semicolon                                                   semi
  2998:10   error  Strings must use singlequote                                      quotes
  3001:59   error  Extra semicolon                                                   semi
  3005:10   error  Extra semicolon                                                   semi
  3009:1    error  More than 1 blank line not allowed                                no-multiple-empty-lines
  3011:44   error  Extra semicolon                                                   semi
  3017:12   error  Extra semicolon                                                   semi
  3024:8    error  Extra semicolon                                                   semi
  3036:10   error  Strings must use singlequote                                      quotes
  3038:49   error  Extra semicolon                                                   semi
  3050:10   error  Strings must use singlequote                                      quotes
  3052:67   error  Extra semicolon                                                   semi
  3065:10   error  Strings must use singlequote                                      quotes
  3067:74   error  Extra semicolon                                                   semi
  3079:10   error  Strings must use singlequote                                      quotes
  3081:42   error  Extra semicolon                                                   semi
  3082:95   error  Extra semicolon                                                   semi
  3098:10   error  Strings must use singlequote                                      quotes
  3100:85   error  Extra semicolon                                                   semi
  3121:10   error  Strings must use singlequote                                      quotes
  3127:77   error  Extra semicolon                                                   semi
  3130:63   error  Extra semicolon                                                   semi
  3131:15   error  Extra semicolon                                                   semi
  3138:27   error  Extra semicolon                                                   semi
  3141:41   error  Extra semicolon                                                   semi
  3144:51   error  Extra semicolon                                                   semi
  3145:63   error  Extra semicolon                                                   semi
  3156:10   error  Strings must use singlequote                                      quotes
  3159:40   error  Extra semicolon                                                   semi
  3163:40   error  Extra semicolon                                                   semi
  3164:48   error  Extra semicolon                                                   semi
  3165:50   error  Extra semicolon                                                   semi
  3181:10   error  Strings must use singlequote                                      quotes
  3184:60   error  Extra semicolon                                                   semi
  3185:24   error  Extra semicolon                                                   semi
  3187:46   error  Extra semicolon                                                   semi
  3188:39   error  Extra semicolon                                                   semi
  3189:13   error  It's not necessary to initialize '_iteratorError6' to undefined   no-undef-init
  3189:40   error  Extra semicolon                                                   semi
  3193:39   error  Extra semicolon                                                   semi
  3194:60   error  Extra semicolon                                                   semi
  3195:54   error  Extra semicolon                                                   semi
  3196:31   error  Extra semicolon                                                   semi
  3199:36   error  Extra semicolon                                                   semi
  3200:32   error  Extra semicolon                                                   semi
  3203:59   error  Strings must use singlequote                                      quotes
  3204:26   error  Strings must use singlequote                                      quotes
  3204:37   error  Extra semicolon                                                   semi
  3208:15   error  Unsafe usage of ThrowStatement                                    no-unsafe-finally
  3208:36   error  Extra semicolon                                                   semi
  3213:22   error  Extra semicolon                                                   semi
  3219:62   error  Extra semicolon                                                   semi
  3220:40   error  Unexpected space before function parentheses                      space-before-function-paren
  3221:59   error  Extra semicolon                                                   semi
  3222:11   error  Extra semicolon                                                   semi
  3224:18   error  Extra semicolon                                                   semi
  3240:10   error  Strings must use singlequote                                      quotes
  3243:54   error  Extra semicolon                                                   semi
  3244:24   error  Extra semicolon                                                   semi
  3246:46   error  Extra semicolon                                                   semi
  3247:39   error  Extra semicolon                                                   semi
  3248:13   error  It's not necessary to initialize '_iteratorError7' to undefined   no-undef-init
  3248:40   error  Extra semicolon                                                   semi
  3252:36   error  Extra semicolon                                                   semi
  3253:60   error  Extra semicolon                                                   semi
  3254:48   error  Extra semicolon                                                   semi
  3255:31   error  Extra semicolon                                                   semi
  3258:36   error  Extra semicolon                                                   semi
  3259:32   error  Extra semicolon                                                   semi
  3262:59   error  Strings must use singlequote                                      quotes
  3263:26   error  Strings must use singlequote                                      quotes
  3263:37   error  Extra semicolon                                                   semi
  3267:15   error  Unsafe usage of ThrowStatement                                    no-unsafe-finally
  3267:36   error  Extra semicolon                                                   semi
  3272:22   error  Extra semicolon                                                   semi
  3274:60   error  Extra semicolon                                                   semi
  3275:40   error  Extra semicolon                                                   semi
  3276:39   error  Unexpected space before function parentheses                      space-before-function-paren
  3277:58   error  Extra semicolon                                                   semi
  3278:11   error  Extra semicolon                                                   semi
  3280:18   error  Extra semicolon                                                   semi
  3298:10   error  Strings must use singlequote                                      quotes
  3302:51   error  Extra semicolon                                                   semi
  3303:54   error  Unexpected space before function parentheses                      space-before-function-paren
  3304:40   error  Extra semicolon                                                   semi
  3305:11   error  Extra semicolon                                                   semi
  3308:55   error  Extra semicolon                                                   semi
  3309:17   error  Extra semicolon                                                   semi
  3312:1    error  More than 1 blank line not allowed                                no-multiple-empty-lines
  3315:1    error  Expected indentation of 10 spaces but found 8                     indent
  3315:15   error  Extra semicolon                                                   semi
  3316:39   error  Extra semicolon                                                   semi
  3320:52   error  Extra semicolon                                                   semi
  3322:60   error  Extra semicolon                                                   semi
  3325:42   error  Extra semicolon                                                   semi
  3329:72   error  Extra semicolon                                                   semi
  3333:40   error  Extra semicolon                                                   semi
  3337:30   error  Extra semicolon                                                   semi
  3371:10   error  Strings must use singlequote                                      quotes
  3373:93   error  Extra semicolon                                                   semi
  3377:51   error  Extra semicolon                                                   semi
  3380:204  error  Extra semicolon                                                   semi
  3383:52   error  Unexpected space before function parentheses                      space-before-function-paren
  3384:41   error  Extra semicolon                                                   semi
  3385:11   error  Extra semicolon                                                   semi
  3388:56   error  Extra semicolon                                                   semi
  3389:17   error  Extra semicolon                                                   semi
  3395:1    error  More than 1 blank line not allowed                                no-multiple-empty-lines
  3397:74   error  Extra semicolon                                                   semi
  3398:17   error  Extra semicolon                                                   semi
  3401:1    error  More than 1 blank line not allowed                                no-multiple-empty-lines
  3404:1    error  Expected indentation of 10 spaces but found 8                     indent
  3404:15   error  Extra semicolon                                                   semi
  3405:62   error  Extra semicolon                                                   semi
  3409:79   error  Extra semicolon                                                   semi
  3411:45   error  Extra semicolon                                                   semi
  3415:62   error  Extra semicolon                                                   semi
  3418:45   error  Extra semicolon                                                   semi
  3422:38   error  Extra semicolon                                                   semi
  3426:33   error  Extra semicolon                                                   semi
  3439:10   error  Strings must use singlequote                                      quotes
  3441:70   error  Extra semicolon                                                   semi
  3453:10   error  Strings must use singlequote                                      quotes
  3455:67   error  Extra semicolon                                                   semi
  3466:10   error  Strings must use singlequote                                      quotes
  3468:75   error  Extra semicolon                                                   semi
  3479:10   error  Strings must use singlequote                                      quotes
  3481:72   error  Extra semicolon                                                   semi
  3494:10   error  Strings must use singlequote                                      quotes
  3498:51   error  Extra semicolon                                                   semi
  3501:1    error  Expected indentation of 10 spaces but found 8                     indent
  3502:1    error  Expected indentation of 10 spaces but found 8                     indent
  3503:1    error  Expected indentation of 10 spaces but found 8                     indent
  3504:1    error  Expected indentation of 10 spaces but found 8                     indent
  3505:1    error  Expected indentation of 10 spaces but found 8                     indent
  3505:17   error  Extra semicolon                                                   semi
  3506:45   error  Extra semicolon                                                   semi
  3508:62   error  Extra semicolon                                                   semi
  3511:46   error  Extra semicolon                                                   semi
  3515:38   error  Extra semicolon                                                   semi
  3519:33   error  Extra semicolon                                                   semi
  3533:10   error  Strings must use singlequote                                      quotes
  3537:51   error  Extra semicolon                                                   semi
  3538:45   error  Extra semicolon                                                   semi
  3539:43   error  Extra semicolon                                                   semi
  3540:68   error  Extra semicolon                                                   semi
  3545:1    error  Expected indentation of 12 spaces but found 10                    indent
  3545:17   error  Extra semicolon                                                   semi
  3548:47   error  Extra semicolon                                                   semi
  3552:58   error  Unexpected space before function parentheses                      space-before-function-paren
  3553:41   error  Extra semicolon                                                   semi
  3554:11   error  Extra semicolon                                                   semi
  3555:30   error  Extra semicolon                                                   semi
  3558:38   error  Extra semicolon                                                   semi
  3572:10   error  Strings must use singlequote                                      quotes
  3576:51   error  Extra semicolon                                                   semi
  3577:41   error  Extra semicolon                                                   semi
  3578:46   error  Extra semicolon                                                   semi
  3579:39   error  Extra semicolon                                                   semi
  3580:13   error  It's not necessary to initialize '_iteratorError8' to undefined   no-undef-init
  3580:40   error  Extra semicolon                                                   semi
  3584:39   error  Extra semicolon                                                   semi
  3587:46   error  Extra semicolon                                                   semi
  3588:20   error  Extra semicolon                                                   semi
  3592:36   error  Extra semicolon                                                   semi
  3593:32   error  Extra semicolon                                                   semi
  3596:59   error  Strings must use singlequote                                      quotes
  3597:26   error  Strings must use singlequote                                      quotes
  3597:37   error  Extra semicolon                                                   semi
  3601:15   error  Unsafe usage of ThrowStatement                                    no-unsafe-finally
  3601:36   error  Extra semicolon                                                   semi
  3607:111  error  Extra semicolon                                                   semi
  3608:17   error  Extra semicolon                                                   semi
  3613:1    error  More than 1 blank line not allowed                                no-multiple-empty-lines
  3614:119  error  Extra semicolon                                                   semi
  3615:45   error  Extra semicolon                                                   semi
  3626:10   error  Strings must use singlequote                                      quotes
  3628:41   error  Extra semicolon                                                   semi
  3632:80   error  Extra semicolon                                                   semi
  3633:86   error  Extra semicolon                                                   semi
  3636:22   error  Extra semicolon                                                   semi
  3638:60   error  Extra semicolon                                                   semi
  3639:40   error  Unexpected space before function parentheses                      space-before-function-paren
  3640:38   error  Extra semicolon                                                   semi
  3641:11   error  Extra semicolon                                                   semi
  3644:22   error  Extra semicolon                                                   semi
  3656:10   error  Strings must use singlequote                                      quotes
  3657:12   error  Wrap an immediate function invocation in parentheses              wrap-iife
  3657:20   error  Unexpected space before function parentheses                      space-before-function-paren
  3658:55   error  There should be no space after this paren                         space-in-parens
  3658:56   error  Expected space or tab after '/*' in comment                       spaced-comment
  3659:99   error  Extra semicolon                                                   semi
  3662:18   error  Unexpected constant condition                                     no-constant-condition
  3665:51   error  Extra semicolon                                                   semi
  3667:44   error  Extra semicolon                                                   semi
  3670:38   error  Extra semicolon                                                   semi
  3671:24   error  Extra semicolon                                                   semi
  3674:42   error  Strings must use singlequote                                      quotes
  3674:51   error  Extra semicolon                                                   semi
  3677:52   error  Extra semicolon                                                   semi
  3681:39   error  Extra semicolon                                                   semi
  3682:24   error  Extra semicolon                                                   semi
  3685:92   error  Extra semicolon                                                   semi
  3691:39   error  Extra semicolon                                                   semi
  3692:24   error  Extra semicolon                                                   semi
  3696:39   error  Extra semicolon                                                   semi
  3697:24   error  Extra semicolon                                                   semi
  3703:55   error  Extra semicolon                                                   semi
  3704:139  error  Extra semicolon                                                   semi
  3707:39   error  Extra semicolon                                                   semi
  3708:24   error  Extra semicolon                                                   semi
  3711:37   error  Extra semicolon                                                   semi
  3712:75   error  Extra semicolon                                                   semi
  3715:37   error  Extra semicolon                                                   semi
  3716:22   error  Extra semicolon                                                   semi
  3719:57   error  Extra semicolon                                                   semi
  3721:15   error  Expected a 'break' statement before 'case'                        no-fallthrough
  3722:37   error  Extra semicolon                                                   semi
  3723:22   error  Extra semicolon                                                   semi
  3727:66   error  Extra semicolon                                                   semi
  3732:50   error  Extra semicolon                                                   semi
  3735:76   error  Extra semicolon                                                   semi
  3740:15   error  Expected a 'break' statement before 'case'                        no-fallthrough
  3744:46   error  Extra semicolon                                                   semi
  3746:15   error  Expected a 'break' statement before 'case'                        no-fallthrough
  3747:20   error  Strings must use singlequote                                      quotes
  3748:41   error  Extra semicolon                                                   semi
  3751:28   error  Extra semicolon                                                   semi
  3752:10   error  Extra semicolon                                                   semi
  3755:62   error  Extra semicolon                                                   semi
  3758:36   error  Extra semicolon                                                   semi
  3770:10   error  Strings must use singlequote                                      quotes
  3773:70   error  Extra semicolon                                                   semi
  3774:20   error  Extra semicolon                                                   semi
  3778:59   error  Extra semicolon                                                   semi
  3779:60   error  Extra semicolon                                                   semi
  3780:55   error  Extra semicolon                                                   semi
  3783:1    error  Expected indentation of 10 spaces but found 8                     indent
  3783:47   error  Extra semicolon                                                   semi
  3787:51   error  Extra semicolon                                                   semi
  3790:91   error  Extra semicolon                                                   semi
  3791:22   error  Extra semicolon                                                   semi
  3794:78   error  Extra semicolon                                                   semi
  3796:64   error  Extra semicolon                                                   semi
  3797:20   error  Extra semicolon                                                   semi
  3810:10   error  Strings must use singlequote                                      quotes
  3813:79   error  Extra semicolon                                                   semi
  3814:20   error  Extra semicolon                                                   semi
  3818:59   error  Extra semicolon                                                   semi
  3819:60   error  Extra semicolon                                                   semi
  3822:1    error  Expected indentation of 10 spaces but found 8                     indent
  3822:26   error  Extra semicolon                                                   semi
  3826:51   error  Extra semicolon                                                   semi
  3829:106  error  Extra semicolon                                                   semi
  3830:22   error  Extra semicolon                                                   semi
  3833:25   error  Extra semicolon                                                   semi
  3835:74   error  Extra semicolon                                                   semi
  3836:20   error  Extra semicolon                                                   semi
  3849:10   error  Strings must use singlequote                                      quotes
  3852:57   error  Extra semicolon                                                   semi
  3860:8    error  Extra semicolon                                                   semi
  3863:48   error  Extra semicolon                                                   semi
  3864:76   error  Extra semicolon                                                   semi
  3867:18   error  Extra semicolon                                                   semi
  3878:10   error  Strings must use singlequote                                      quotes
  3882:102  error  Extra semicolon                                                   semi
  3885:36   error  Extra semicolon                                                   semi
  3888:33   error  Extra semicolon                                                   semi
  3889:77   error  Extra semicolon                                                   semi
  3892:18   error  Extra semicolon                                                   semi
  3895:53   error  Extra semicolon                                                   semi
  3896:101  error  Extra semicolon                                                   semi
  3897:74   error  Extra semicolon                                                   semi
  3900:84   error  Extra semicolon                                                   semi
  3901:49   error  Extra semicolon                                                   semi
  3907:53   error  Extra semicolon                                                   semi
  3910:91   error  Extra semicolon                                                   semi
  3911:58   error  Extra semicolon                                                   semi
  3913:56   error  Extra semicolon                                                   semi
  3914:72   error  Extra semicolon                                                   semi
  3920:1    error  Expected indentation of 12 spaces but found 10                    indent
  3921:1    error  Expected indentation of 12 spaces but found 10                    indent
  3922:1    error  Expected indentation of 12 spaces but found 10                    indent
  3922:39   error  Extra semicolon                                                   semi
  3925:63   error  Extra semicolon                                                   semi
  3926:51   error  Extra semicolon                                                   semi
  3929:35   error  Extra semicolon                                                   semi
  3949:10   error  Strings must use singlequote                                      quotes
  3950:12   error  Wrap an immediate function invocation in parentheses              wrap-iife
  3950:20   error  Unexpected space before function parentheses                      space-before-function-paren
  3951:45   error  There should be no space after this paren                         space-in-parens
  3951:46   error  Expected space or tab after '/*' in comment                       spaced-comment
  3952:115  error  Extra semicolon                                                   semi
  3954:18   error  Unexpected constant condition                                     no-constant-condition
  3958:38   error  Extra semicolon                                                   semi
  3959:24   error  Extra semicolon                                                   semi
  3962:71   error  Extra semicolon                                                   semi
  3963:48   error  Extra semicolon                                                   semi
  3967:38   error  Extra semicolon                                                   semi
  3968:24   error  Extra semicolon                                                   semi
  3971:109  error  Extra semicolon                                                   semi
  3972:48   error  Extra semicolon                                                   semi
  3976:55   error  Extra semicolon                                                   semi
  3977:62   error  Extra semicolon                                                   semi
  3981:69   error  Extra semicolon                                                   semi
  3984:50   error  Extra semicolon                                                   semi
  3987:187  error  Extra semicolon                                                   semi
  3990:68   error  Extra semicolon                                                   semi
  3993:39   error  Extra semicolon                                                   semi
  3994:24   error  Extra semicolon                                                   semi
  3997:137  error  Extra semicolon                                                   semi
  4005:45   error  Extra semicolon                                                   semi
  4009:1    error  Expected indentation of 20 spaces but found 18                    indent
  4010:1    error  Expected indentation of 20 spaces but found 18                    indent
  4011:1    error  Expected indentation of 20 spaces but found 18                    indent
  4012:1    error  Expected indentation of 20 spaces but found 18                    indent
  4013:1    error  Expected indentation of 20 spaces but found 18                    indent
  4029:18   error  Extra semicolon                                                   semi
  4032:53   error  Extra semicolon                                                   semi
  4033:48   error  Extra semicolon                                                   semi
  4034:37   error  Extra semicolon                                                   semi
  4035:71   error  Extra semicolon                                                   semi
  4038:84   error  Extra semicolon                                                   semi
  4039:70   error  Extra semicolon                                                   semi
  4044:66   error  Extra semicolon                                                   semi
  4047:1    error  More than 1 blank line not allowed                                no-multiple-empty-lines
  4048:42   error  Strings must use singlequote                                      quotes
  4048:59   error  Extra semicolon                                                   semi
  4049:81   error  Extra semicolon                                                   semi
  4050:53   error  Extra semicolon                                                   semi
  4051:40   error  Extra semicolon                                                   semi
  4052:42   error  Strings must use singlequote                                      quotes
  4052:90   error  Extra semicolon                                                   semi
  4055:20   error  Strings must use singlequote                                      quotes
  4056:41   error  Extra semicolon                                                   semi
  4059:28   error  Extra semicolon                                                   semi
  4060:10   error  Extra semicolon                                                   semi
  4063:52   error  Extra semicolon                                                   semi
  4066:26   error  Extra semicolon                                                   semi
  4079:10   error  Strings must use singlequote                                      quotes
  4081:35   error  Extra semicolon                                                   semi
  4082:37   error  Extra semicolon                                                   semi
  4102:10   error  Strings must use singlequote                                      quotes
  4104:94   error  Extra semicolon                                                   semi
  4115:10   error  Strings must use singlequote                                      quotes
  4117:28   error  Extra semicolon                                                   semi
  4128:10   error  Strings must use singlequote                                      quotes
  4130:33   error  Extra semicolon                                                   semi
  4140:10   error  Strings must use singlequote                                      quotes
  4142:54   error  Extra semicolon                                                   semi
  4143:57   error  Extra semicolon                                                   semi
  4144:66   error  Extra semicolon                                                   semi
  4154:10   error  Strings must use singlequote                                      quotes
  4156:54   error  Extra semicolon                                                   semi
  4157:57   error  Extra semicolon                                                   semi
  4158:66   error  Extra semicolon                                                   semi
  4166:10   error  Strings must use singlequote                                      quotes
  4168:25   error  Extra semicolon                                                   semi
  4170:55   error  Extra semicolon                                                   semi
  4172:50   error  Unexpected space before function parentheses                      space-before-function-paren
  4173:56   error  Extra semicolon                                                   semi
  4174:8    error  Extra semicolon                                                   semi
  4177:1    error  More than 1 blank line not allowed                                no-multiple-empty-lines
  4178:43   error  Unexpected space before function parentheses                      space-before-function-paren
  4179:55   error  Extra semicolon                                                   semi
  4180:8    error  Extra semicolon                                                   semi
  4182:20   error  Extra semicolon                                                   semi
  4190:10   error  Strings must use singlequote                                      quotes
  4192:100  error  Extra semicolon                                                   semi
  4195:52   error  Extra semicolon                                                   semi
  4196:76   error  Extra semicolon                                                   semi
  4197:30   error  Extra semicolon                                                   semi
  4208:10   error  Strings must use singlequote                                      quotes
  4210:56   error  Extra semicolon                                                   semi
  4211:62   error  Extra semicolon                                                   semi
  4212:44   error  Extra semicolon                                                   semi
  4213:37   error  Extra semicolon                                                   semi
  4214:11   error  It's not necessary to initialize '_iteratorError9' to undefined   no-undef-init
  4214:38   error  Extra semicolon                                                   semi
  4218:36   error  Extra semicolon                                                   semi
  4220:44   error  Extra semicolon                                                   semi
  4221:49   error  Extra semicolon                                                   semi
  4222:42   error  Extra semicolon                                                   semi
  4223:15   error  It's not necessary to initialize '_iteratorError10' to undefined  no-undef-init
  4223:43   error  Extra semicolon                                                   semi
  4227:42   error  Extra semicolon                                                   semi
  4230:42   error  Extra semicolon                                                   semi
  4231:55   error  Extra semicolon                                                   semi
  4232:48   error  Extra semicolon                                                   semi
  4233:21   error  It's not necessary to initialize '_iteratorError12' to undefined  no-undef-init
  4233:49   error  Extra semicolon                                                   semi
  4237:43   error  Extra semicolon                                                   semi
  4246:51   error  Extra semicolon                                                   semi
  4264:24   error  Extra semicolon                                                   semi
  4265:60   error  Extra semicolon                                                   semi
  4269:45   error  Extra semicolon                                                   semi
  4270:41   error  Extra semicolon                                                   semi
  4273:69   error  Strings must use singlequote                                      quotes
  4274:35   error  Strings must use singlequote                                      quotes
  4274:46   error  Extra semicolon                                                   semi
  4278:23   error  Unsafe usage of ThrowStatement                                    no-unsafe-finally
  4278:45   error  Extra semicolon                                                   semi
  4285:39   error  Extra semicolon                                                   semi
  4286:35   error  Extra semicolon                                                   semi
  4289:63   error  Strings must use singlequote                                      quotes
  4290:29   error  Strings must use singlequote                                      quotes
  4290:40   error  Extra semicolon                                                   semi
  4294:17   error  Unsafe usage of ThrowStatement                                    no-unsafe-finally
  4294:39   error  Extra semicolon                                                   semi
  4299:49   error  Extra semicolon                                                   semi
  4300:42   error  Extra semicolon                                                   semi
  4301:15   error  It's not necessary to initialize '_iteratorError11' to undefined  no-undef-init
  4301:43   error  Extra semicolon                                                   semi
  4305:46   error  Extra semicolon                                                   semi
  4306:51   error  Extra semicolon                                                   semi
  4309:39   error  Extra semicolon                                                   semi
  4310:35   error  Extra semicolon                                                   semi
  4313:63   error  Strings must use singlequote                                      quotes
  4314:29   error  Strings must use singlequote                                      quotes
  4314:40   error  Extra semicolon                                                   semi
  4318:17   error  Unsafe usage of ThrowStatement                                    no-unsafe-finally
  4318:39   error  Extra semicolon                                                   semi
  4324:34   error  Extra semicolon                                                   semi
  4325:30   error  Extra semicolon                                                   semi
  4328:57   error  Strings must use singlequote                                      quotes
  4329:24   error  Strings must use singlequote                                      quotes
  4329:35   error  Extra semicolon                                                   semi
  4333:13   error  Unsafe usage of ThrowStatement                                    no-unsafe-finally
  4333:34   error  Extra semicolon                                                   semi
  4345:10   error  Strings must use singlequote                                      quotes
  4347:59   error  Extra semicolon                                                   semi
  4350:97   error  Extra semicolon                                                   semi
  4353:97   error  Extra semicolon                                                   semi
  4354:45   error  Extra semicolon                                                   semi
  4355:38   error  Extra semicolon                                                   semi
  4356:11   error  It's not necessary to initialize '_iteratorError13' to undefined  no-undef-init
  4356:39   error  Extra semicolon                                                   semi
  4360:37   error  Extra semicolon                                                   semi
  4361:89   error  Extra semicolon                                                   semi
  4364:35   error  Extra semicolon                                                   semi
  4365:31   error  Extra semicolon                                                   semi
  4368:59   error  Strings must use singlequote                                      quotes
  4369:25   error  Strings must use singlequote                                      quotes
  4369:36   error  Extra semicolon                                                   semi
  4373:13   error  Unsafe usage of ThrowStatement                                    no-unsafe-finally
  4373:35   error  Extra semicolon                                                   semi
  4378:65   error  Unexpected space before function parentheses                      space-before-function-paren
  4379:60   error  Extra semicolon                                                   semi
  4380:9    error  Extra semicolon                                                   semi
  4384:117  error  Extra semicolon                                                   semi
  4387:1    error  More than 1 blank line not allowed                                no-multiple-empty-lines
  4389:104  error  Extra semicolon                                                   semi
  4392:45   error  Extra semicolon                                                   semi
  4393:38   error  Extra semicolon                                                   semi
  4394:11   error  It's not necessary to initialize '_iteratorError14' to undefined  no-undef-init
  4394:39   error  Extra semicolon                                                   semi
  4398:39   error  Extra semicolon                                                   semi
  4399:122  error  Extra semicolon                                                   semi
  4402:36   error  Extra semicolon                                                   semi
  4405:59   error  Extra semicolon                                                   semi
  4408:35   error  Extra semicolon                                                   semi
  4409:31   error  Extra semicolon                                                   semi
  4412:59   error  Strings must use singlequote                                      quotes
  4413:25   error  Strings must use singlequote                                      quotes
  4413:36   error  Extra semicolon                                                   semi
  4417:13   error  Unsafe usage of ThrowStatement                                    no-unsafe-finally
  4417:35   error  Extra semicolon                                                   semi
  4429:10   error  Strings must use singlequote                                      quotes
  4431:59   error  Extra semicolon                                                   semi
  4432:36   error  Extra semicolon                                                   semi
  4435:97   error  Extra semicolon                                                   semi
  4438:97   error  Extra semicolon                                                   semi
  4439:85   error  Extra semicolon                                                   semi
  4442:37   error  Extra semicolon                                                   semi
  4445:69   error  Extra semicolon                                                   semi
  4448:104  error  Extra semicolon                                                   semi
  4451:53   error  Extra semicolon                                                   semi
  4452:109  error  Extra semicolon                                                   semi
  4456:32   error  Extra semicolon                                                   semi
  4460:1    error  More than 1 blank line not allowed                                no-multiple-empty-lines
  4461:77   error  Extra semicolon                                                   semi
  4464:47   error  Extra semicolon                                                   semi
  4465:40   error  Extra semicolon                                                   semi
  4466:13   error  It's not necessary to initialize '_iteratorError15' to undefined  no-undef-init
  4466:41   error  Extra semicolon                                                   semi
  4470:40   error  Extra semicolon                                                   semi
  4471:51   error  Extra semicolon                                                   semi
  4472:44   error  Extra semicolon                                                   semi
  4473:17   error  It's not necessary to initialize '_iteratorError16' to undefined  no-undef-init
  4473:45   error  Extra semicolon                                                   semi
  4477:44   error  Extra semicolon                                                   semi
  4481:57   error  Extra semicolon                                                   semi
  4482:50   error  Extra semicolon                                                   semi
  4483:23   error  It's not necessary to initialize '_iteratorError17' to undefined  no-undef-init
  4483:51   error  Extra semicolon                                                   semi
  4487:51   error  Extra semicolon                                                   semi
  4488:92   error  Extra semicolon                                                   semi
  4491:47   error  Extra semicolon                                                   semi
  4492:43   error  Extra semicolon                                                   semi
  4495:71   error  Strings must use singlequote                                      quotes
  4496:37   error  Strings must use singlequote                                      quotes
  4496:48   error  Extra semicolon                                                   semi
  4500:25   error  Unsafe usage of ThrowStatement                                    no-unsafe-finally
  4500:47   error  Extra semicolon                                                   semi
  4507:41   error  Extra semicolon                                                   semi
  4508:37   error  Extra semicolon                                                   semi
  4511:65   error  Strings must use singlequote                                      quotes
  4512:31   error  Strings must use singlequote                                      quotes
  4512:42   error  Extra semicolon                                                   semi
  4516:19   error  Unsafe usage of ThrowStatement                                    no-unsafe-finally
  4516:41   error  Extra semicolon                                                   semi
  4522:37   error  Extra semicolon                                                   semi
  4523:33   error  Extra semicolon                                                   semi
  4526:61   error  Strings must use singlequote                                      quotes
  4527:27   error  Strings must use singlequote                                      quotes
  4527:38   error  Extra semicolon                                                   semi
  4531:15   error  Unsafe usage of ThrowStatement                                    no-unsafe-finally
  4531:37   error  Extra semicolon                                                   semi
  4547:10   error  Strings must use singlequote                                      quotes
  4549:98   error  Extra semicolon                                                   semi
  4550:93   error  Extra semicolon                                                   semi
  4554:40   error  Extra semicolon                                                   semi
  4555:55   error  Extra semicolon                                                   semi
  4556:64   error  Extra semicolon                                                   semi
  4557:20   error  Extra semicolon                                                   semi
  4560:92   error  Extra semicolon                                                   semi
  4564:35   error  Extra semicolon                                                   semi
  4567:23   error  Extra semicolon                                                   semi
  4578:10   error  Strings must use singlequote                                      quotes
  4582:46   error  Extra semicolon                                                   semi
  4583:20   error  Extra semicolon                                                   semi
  4586:73   error  Extra semicolon                                                   semi
  4589:32   error  Extra semicolon                                                   semi
  4592:23   error  Extra semicolon                                                   semi
  4602:10   error  Strings must use singlequote                                      quotes
  4605:15   error  Extra semicolon                                                   semi
  4608:68   error  Extra semicolon                                                   semi
  4611:56   error  Extra semicolon                                                   semi
  4614:15   error  Extra semicolon                                                   semi
  4617:66   error  Extra semicolon                                                   semi
  4618:66   error  Extra semicolon                                                   semi
  4619:64   error  Extra semicolon                                                   semi
  4622:92   error  Extra semicolon                                                   semi
  4623:92   error  Extra semicolon                                                   semi
  4624:64   error  Extra semicolon                                                   semi
  4625:72   error  Extra semicolon                                                   semi
  4626:66   error  Extra semicolon                                                   semi
  4627:96   error  Extra semicolon                                                   semi
  4628:96   error  Extra semicolon                                                   semi
  4632:110  error  Extra semicolon                                                   semi
  4641:10   error  Strings must use singlequote                                      quotes
  4644:66   error  Extra semicolon                                                   semi
  4647:66   error  Extra semicolon                                                   semi
  4650:49   error  Extra semicolon                                                   semi
  4655:22   error  Extra semicolon                                                   semi
  4658:68   error  Extra semicolon                                                   semi
  4661:22   error  Extra semicolon                                                   semi
  4664:47   error  Extra semicolon                                                   semi
  4667:22   error  Extra semicolon                                                   semi
  4670:55   error  Extra semicolon                                                   semi
  4671:76   error  Extra semicolon                                                   semi
  4672:23   error  Extra semicolon                                                   semi
  4675:62   error  Extra semicolon                                                   semi
  4676:62   error  Extra semicolon                                                   semi
  4681:56   error  Extra semicolon                                                   semi
  4683:30   error  Extra semicolon                                                   semi
  4685:30   error  Extra semicolon                                                   semi
  4687:20   error  Extra semicolon                                                   semi
  4698:10   error  Strings must use singlequote                                      quotes
  4700:43   error  Extra semicolon                                                   semi
  4701:70   error  Extra semicolon                                                   semi
  4705:73   error  Extra semicolon                                                   semi
  4708:59   error  Extra semicolon                                                   semi
  4709:35   error  Extra semicolon                                                   semi
  4713:1    error  More than 1 blank line not allowed                                no-multiple-empty-lines
  4714:42   error  Extra semicolon                                                   semi
  4717:10   error  Extra semicolon                                                   semi
  4725:10   error  Strings must use singlequote                                      quotes
  4727:30   error  Extra semicolon                                                   semi
  4739:10   error  Strings must use singlequote                                      quotes
  4742:45   error  Extra semicolon                                                   semi
  4752:15   error  Extra semicolon                                                   semi
  4756:1    error  More than 1 blank line not allowed                                no-multiple-empty-lines
  4757:44   error  Extra semicolon                                                   semi
  4758:56   error  Extra semicolon                                                   semi
  4759:32   error  Extra semicolon                                                   semi
  4769:10   error  Strings must use singlequote                                      quotes
  4773:15   error  Extra semicolon                                                   semi
  4777:15   error  Extra semicolon                                                   semi
  4780:42   error  Extra semicolon                                                   semi
  4781:50   error  Extra semicolon                                                   semi
  4784:36   error  Extra semicolon                                                   semi
  4786:33   error  Extra semicolon                                                   semi
  4788:32   error  Extra semicolon                                                   semi
  4790:34   error  Extra semicolon                                                   semi
  4800:10   error  Strings must use singlequote                                      quotes
  4803:47   error  Extra semicolon                                                   semi
  4807:39   error  Extra semicolon                                                   semi
  4814:32   error  Extra semicolon                                                   semi
  4829:10   error  Strings must use singlequote                                      quotes
  4831:60   error  Extra semicolon                                                   semi
  4836:51   error  Extra semicolon                                                   semi
  4838:25   error  Extra semicolon                                                   semi
  4839:20   error  Extra semicolon                                                   semi
  4842:80   error  Extra semicolon                                                   semi
  4843:57   error  Unexpected space before function parentheses                      space-before-function-paren
  4844:47   error  Extra semicolon                                                   semi
  4845:9    error  Extra semicolon                                                   semi
  4847:86   error  Extra semicolon                                                   semi
  4848:71   error  Extra semicolon                                                   semi
  4849:46   error  Extra semicolon                                                   semi
  4861:10   error  Strings must use singlequote                                      quotes
  4863:125  error  Extra semicolon                                                   semi
  4864:31   error  Extra semicolon                                                   semi
  4876:10   error  Strings must use singlequote                                      quotes
  4884:1    error  Expected indentation of 8 spaces but found 6                      indent
  4884:13   error  Extra semicolon                                                   semi
  4885:58   error  Extra semicolon                                                   semi
  4888:29   error  Extra semicolon                                                   semi
  4901:10   error  Strings must use singlequote                                      quotes
  4903:105  error  Extra semicolon                                                   semi
  4904:60   error  Extra semicolon                                                   semi
  4909:63   error  Extra semicolon                                                   semi
  4910:26   error  Extra semicolon                                                   semi
  4915:1    error  Expected indentation of 10 spaces but found 8                     indent
  4915:14   error  Extra semicolon                                                   semi
  4918:1    error  Expected indentation of 10 spaces but found 8                     indent
  4918:14   error  Extra semicolon                                                   semi
  4924:29   error  Extra semicolon                                                   semi
  4927:21   error  Extra semicolon                                                   semi
  4939:10   error  Strings must use singlequote                                      quotes
  4941:60   error  Extra semicolon                                                   semi
  4943:66   error  Extra semicolon                                                   semi
  4944:26   error  Extra semicolon                                                   semi
  4949:1    error  Expected indentation of 10 spaces but found 8                     indent
  4949:14   error  Extra semicolon                                                   semi
  4950:53   error  Extra semicolon                                                   semi
  4953:21   error  Extra semicolon                                                   semi
  4967:10   error  Strings must use singlequote                                      quotes
  4969:48   error  Extra semicolon                                                   semi
  4970:60   error  Extra semicolon                                                   semi
  4973:82   error  Extra semicolon                                                   semi
  4974:82   error  Extra semicolon                                                   semi
  4975:49   error  Extra semicolon                                                   semi
  4976:73   error  Extra semicolon                                                   semi
  4977:67   error  Extra semicolon                                                   semi
  4978:22   error  Extra semicolon                                                   semi
  4980:25   error  Extra semicolon                                                   semi
  4984:10   error  Extra semicolon                                                   semi
  4999:10   error  Strings must use singlequote                                      quotes
  5004:36   error  Extra semicolon                                                   semi
  5005:33   error  Extra semicolon                                                   semi
  5006:33   error  Extra semicolon                                                   semi
  5007:65   error  Extra semicolon                                                   semi
  5008:63   error  Extra semicolon                                                   semi
  5009:66   error  Extra semicolon                                                   semi
  5017:48   error  Extra semicolon                                                   semi
  5020:37   error  Extra semicolon                                                   semi
  5025:48   error  Extra semicolon                                                   semi
  5028:40   error  Extra semicolon                                                   semi
  5034:1    error  Expected indentation of 10 spaces but found 8                     indent
  5034:14   error  Extra semicolon                                                   semi
  5040:1    error  Expected indentation of 10 spaces but found 8                     indent
  5040:14   error  Extra semicolon                                                   semi
  5045:1    error  More than 1 blank line not allowed                                no-multiple-empty-lines
  5046:67   error  Extra semicolon                                                   semi
  5047:67   error  Extra semicolon                                                   semi
  5051:37   error  Extra semicolon                                                   semi
  5058:77   error  Extra semicolon                                                   semi
  5059:79   error  Extra semicolon                                                   semi
  5062:38   error  Extra semicolon                                                   semi
  5067:1    error  More than 1 blank line not allowed                                no-multiple-empty-lines
  5072:10   error  Extra semicolon                                                   semi
  5077:10   error  Extra semicolon                                                   semi
  5103:10   error  Strings must use singlequote                                      quotes
  5105:40   error  Extra semicolon                                                   semi
  5108:92   error  Extra semicolon                                                   semi
  5111:70   error  Extra semicolon                                                   semi
  5114:68   error  Extra semicolon                                                   semi
  5115:147  error  Extra semicolon                                                   semi
  5124:10   error  Strings must use singlequote                                      quotes
  5126:34   error  Extra semicolon                                                   semi
  5127:60   error  Extra semicolon                                                   semi
  5128:37   error  Extra semicolon                                                   semi
  5131:34   error  Extra semicolon                                                   semi
  5132:35   error  Extra semicolon                                                   semi
  5135:1    error  More than 1 blank line not allowed                                no-multiple-empty-lines
  5137:145  error  Extra semicolon                                                   semi
  5138:33   error  Extra semicolon                                                   semi
  5139:37   error  Extra semicolon                                                   semi
  5143:73   error  Extra semicolon                                                   semi
  5144:30   error  Extra semicolon                                                   semi
  5145:40   error  Extra semicolon                                                   semi
  5155:10   error  Strings must use singlequote                                      quotes
  5158:30   error  Extra semicolon                                                   semi
  5168:10   error  Strings must use singlequote                                      quotes
  5174:49   error  Extra semicolon                                                   semi
  5177:30   error  Extra semicolon                                                   semi
  5191:10   error  Strings must use singlequote                                      quotes
  5193:98   error  Extra semicolon                                                   semi
  5194:93   error  Extra semicolon                                                   semi
  5195:31   error  Extra semicolon                                                   semi
  5196:100  error  Extra semicolon                                                   semi
  5197:125  error  Extra semicolon                                                   semi
  5198:84   error  Extra semicolon                                                   semi
  5199:56   error  Extra semicolon                                                   semi
  5200:69   error  Extra semicolon                                                   semi
  5203:1    error  Expected indentation of 8 spaces but found 6                      indent
  5203:12   error  Extra semicolon                                                   semi
  5207:15   error  Extra semicolon                                                   semi
  5211:29   error  Extra semicolon                                                   semi
  5220:10   error  Strings must use singlequote                                      quotes
  5224:56   error  Extra semicolon                                                   semi
  5225:38   error  Extra semicolon                                                   semi
  5233:10   error  Strings must use singlequote                                      quotes
  5237:59   error  Extra semicolon                                                   semi
  5238:38   error  Extra semicolon                                                   semi
  5246:10   error  Strings must use singlequote                                      quotes
  5250:60   error  Extra semicolon                                                   semi
  5251:38   error  Extra semicolon                                                   semi
  5259:10   error  Strings must use singlequote                                      quotes
  5263:57   error  Extra semicolon                                                   semi
  5264:38   error  Extra semicolon                                                   semi
  5269:10   error  Strings must use singlequote                                      quotes
  5271:65   error  Extra semicolon                                                   semi
  5272:38   error  Extra semicolon                                                   semi
  5277:10   error  Strings must use singlequote                                      quotes
  5281:9    error  Extra semicolon                                                   semi
  5282:38   error  Extra semicolon                                                   semi
  5290:10   error  Strings must use singlequote                                      quotes
  5292:66   error  Extra semicolon                                                   semi
  5296:15   error  Extra semicolon                                                   semi
  5299:38   error  Extra semicolon                                                   semi
  5302:9    error  Extra semicolon                                                   semi
  5303:32   error  Extra semicolon                                                   semi
  5306:29   error  Extra semicolon                                                   semi
  5322:10   error  Strings must use singlequote                                      quotes
  5332:8    error  Extra semicolon                                                   semi
  5335:10   error  Extra semicolon                                                   semi
  5345:10   error  Strings must use singlequote                                      quotes
  5347:78   error  Extra semicolon                                                   semi
  5350:20   error  Extra semicolon                                                   semi
  5353:40   error  Extra semicolon                                                   semi
  5358:1    error  Expected indentation of 8 spaces but found 10                     indent
  5359:1    error  Expected indentation of 8 spaces but found 10                     indent
  5360:1    error  Expected indentation of 8 spaces but found 10                     indent
  5360:22   error  Extra semicolon                                                   semi
  5361:1    error  Expected indentation of 6 spaces but found 8                      indent
  5363:1    error  More than 1 blank line not allowed                                no-multiple-empty-lines
  5364:54   error  Extra semicolon                                                   semi
  5369:38   error  Extra semicolon                                                   semi
  5372:1    error  More than 1 blank line not allowed                                no-multiple-empty-lines
  5373:41   error  Extra semicolon                                                   semi
  5376:1    error  More than 1 blank line not allowed                                no-multiple-empty-lines
  5377:46   error  Extra semicolon                                                   semi
  5378:119  error  Extra semicolon                                                   semi
  5386:10   error  Strings must use singlequote                                      quotes
  5388:49   error  Extra semicolon                                                   semi
  5391:15   error  Extra semicolon                                                   semi
  5394:27   error  Extra semicolon                                                   semi
  5403:10   error  Strings must use singlequote                                      quotes
  5408:15   error  Extra semicolon                                                   semi
  5411:51   error  Extra semicolon                                                   semi
  5414:56   error  Extra semicolon                                                   semi
  5415:32   error  Extra semicolon                                                   semi
  5416:45   error  Extra semicolon                                                   semi
  5419:226  error  Extra semicolon                                                   semi
  5424:1    error  More than 1 blank line not allowed                                no-multiple-empty-lines
  5425:69   error  Extra semicolon                                                   semi
  5428:211  error  Extra semicolon                                                   semi
  5431:1    error  More than 1 blank line not allowed                                no-multiple-empty-lines
  5433:47   error  Extra semicolon                                                   semi
  5434:40   error  Extra semicolon                                                   semi
  5435:13   error  It's not necessary to initialize '_iteratorError18' to undefined  no-undef-init
  5435:41   error  Extra semicolon                                                   semi
  5439:39   error  Extra semicolon                                                   semi
  5440:51   error  Extra semicolon                                                   semi
  5441:44   error  Extra semicolon                                                   semi
  5442:17   error  It's not necessary to initialize '_iteratorError19' to undefined  no-undef-init
  5442:45   error  Extra semicolon                                                   semi
  5446:44   error  Extra semicolon                                                   semi
  5447:69   error  Extra semicolon                                                   semi
  5448:55   error  Extra semicolon                                                   semi
  5449:48   error  Extra semicolon                                                   semi
  5450:21   error  It's not necessary to initialize '_iteratorError20' to undefined  no-undef-init
  5450:49   error  Extra semicolon                                                   semi
  5454:47   error  Extra semicolon                                                   semi
  5455:69   error  Extra semicolon                                                   semi
  5460:89   error  Extra semicolon                                                   semi
  5461:106  error  Extra semicolon                                                   semi
  5465:43   error  Extra semicolon                                                   semi
  5469:17   error  Block must not be padded by blank lines                           padded-blocks
  5470:45   error  Extra semicolon                                                   semi
  5471:41   error  Extra semicolon                                                   semi
  5474:69   error  Strings must use singlequote                                      quotes
  5475:35   error  Strings must use singlequote                                      quotes
  5475:46   error  Extra semicolon                                                   semi
  5479:23   error  Unsafe usage of ThrowStatement                                    no-unsafe-finally
  5479:45   error  Extra semicolon                                                   semi
  5485:13   error  Block must not be padded by blank lines                           padded-blocks
  5486:41   error  Extra semicolon                                                   semi
  5487:37   error  Extra semicolon                                                   semi
  5490:65   error  Strings must use singlequote                                      quotes
  5491:31   error  Strings must use singlequote                                      quotes
  5491:42   error  Extra semicolon                                                   semi
  5495:19   error  Unsafe usage of ThrowStatement                                    no-unsafe-finally
  5495:41   error  Extra semicolon                                                   semi
  5501:9    error  Block must not be padded by blank lines                           padded-blocks
  5502:37   error  Extra semicolon                                                   semi
  5503:33   error  Extra semicolon                                                   semi
  5506:61   error  Strings must use singlequote                                      quotes
  5507:27   error  Strings must use singlequote                                      quotes
  5507:38   error  Extra semicolon                                                   semi
  5511:15   error  Unsafe usage of ThrowStatement                                    no-unsafe-finally
  5511:37   error  Extra semicolon                                                   semi
  5519:1    error  More than 1 blank line not allowed                                no-multiple-empty-lines
  5520:66   error  Extra semicolon                                                   semi
  5521:66   error  Extra semicolon                                                   semi
  5522:108  error  Extra semicolon                                                   semi
  5525:72   error  Extra semicolon                                                   semi
  5526:52   error  Extra semicolon                                                   semi
  5530:32   error  Extra semicolon                                                   semi
  5531:52   error  Extra semicolon                                                   semi
  5542:10   error  Strings must use singlequote                                      quotes
  5545:60   error  Extra semicolon                                                   semi
  5548:63   error  Extra semicolon                                                   semi
  5549:32   error  Extra semicolon                                                   semi
  5557:10   error  Strings must use singlequote                                      quotes
  5559:82   error  Extra semicolon                                                   semi
  5573:10   error  Strings must use singlequote                                      quotes
  5583:51   error  Extra semicolon                                                   semi
  5584:81   error  Extra semicolon                                                   semi
  5585:45   error  Extra semicolon                                                   semi
  5586:63   error  Extra semicolon                                                   semi
  5587:30   error  Extra semicolon                                                   semi
  5588:33   error  Extra semicolon                                                   semi
  5589:27   error  Extra semicolon                                                   semi
  5590:30   error  Extra semicolon                                                   semi
  5591:45   error  Extra semicolon                                                   semi
  5592:38   error  Extra semicolon                                                   semi
  5593:11   error  It's not necessary to initialize '_iteratorError21' to undefined  no-undef-init
  5593:39   error  Extra semicolon                                                   semi
  5597:38   error  Extra semicolon                                                   semi
  5599:27   error  Extra semicolon                                                   semi
  5602:40   error  Extra semicolon                                                   semi
  5606:40   error  Extra semicolon                                                   semi
  5610:39   error  Extra semicolon                                                   semi
  5613:81   error  Extra semicolon                                                   semi
  5617:49   error  Extra semicolon                                                   semi
  5621:49   error  Extra semicolon                                                   semi
  5628:34   error  Extra semicolon                                                   semi
  5630:31   error  Extra semicolon                                                   semi
  5634:35   error  Extra semicolon                                                   semi
  5635:31   error  Extra semicolon                                                   semi
  5638:59   error  Strings must use singlequote                                      quotes
  5639:25   error  Strings must use singlequote                                      quotes
  5639:36   error  Extra semicolon                                                   semi
  5643:13   error  Unsafe usage of ThrowStatement                                    no-unsafe-finally
  5643:35   error  Extra semicolon                                                   semi
  5654:10   error  Extra semicolon                                                   semi
  5655:119  error  Extra semicolon                                                   semi
  5667:10   error  Strings must use singlequote                                      quotes
  5668:12   error  Wrap an immediate function invocation in parentheses              wrap-iife
  5668:20   error  Unexpected space before function parentheses                      space-before-function-paren
  5669:52   error  There should be no space after this paren                         space-in-parens
  5669:53   error  Expected space or tab after '/*' in comment                       spaced-comment
  5671:18   error  Unexpected constant condition                                     no-constant-condition
  5674:36   error  Extra semicolon                                                   semi
  5675:41   error  Extra semicolon                                                   semi
  5680:44   error  Extra semicolon                                                   semi
  5683:15   error  Expected a 'break' statement before 'case'                        no-fallthrough
  5684:20   error  Strings must use singlequote                                      quotes
  5685:41   error  Extra semicolon                                                   semi
  5688:28   error  Extra semicolon                                                   semi
  5689:10   error  Extra semicolon                                                   semi
  5692:59   error  Extra semicolon                                                   semi
  5695:33   error  Extra semicolon                                                   semi
  5706:10   error  Strings must use singlequote                                      quotes
  5720:56   error  Extra semicolon                                                   semi
  5724:18   error  Extra semicolon                                                   semi
  5727:41   error  Extra semicolon                                                   semi
  5728:52   error  Unexpected space before function parentheses                      space-before-function-paren
  5729:47   error  Extra semicolon                                                   semi
  5730:9    error  Extra semicolon                                                   semi
  5741:10   error  Strings must use singlequote                                      quotes
  5743:25   error  Extra semicolon                                                   semi
  5749:56   error  Extra semicolon                                                   semi
  5753:18   error  Extra semicolon                                                   semi
  5756:41   error  Extra semicolon                                                   semi
  5758:55   error  Unexpected space before function parentheses                      space-before-function-paren
  5759:56   error  Extra semicolon                                                   semi
  5760:9    error  Extra semicolon                                                   semi
  5771:10   error  Strings must use singlequote                                      quotes
  5773:126  error  Extra semicolon                                                   semi
  5774:54   error  Extra semicolon                                                   semi
  5775:28   error  Extra semicolon                                                   semi
  5779:45   error  Extra semicolon                                                   semi
  5780:38   error  Extra semicolon                                                   semi
  5781:11   error  It's not necessary to initialize '_iteratorError22' to undefined  no-undef-init
  5781:39   error  Extra semicolon                                                   semi
  5785:37   error  Extra semicolon                                                   semi
  5788:32   error  Extra semicolon                                                   semi
  5792:35   error  Extra semicolon                                                   semi
  5793:31   error  Extra semicolon                                                   semi
  5796:59   error  Strings must use singlequote                                      quotes
  5797:25   error  Strings must use singlequote                                      quotes
  5797:36   error  Extra semicolon                                                   semi
  5801:13   error  Unsafe usage of ThrowStatement                                    no-unsafe-finally
  5801:35   error  Extra semicolon                                                   semi
  5806:64   error  Extra semicolon                                                   semi
  5807:24   error  Extra semicolon                                                   semi
  5818:10   error  Strings must use singlequote                                      quotes
  5821:56   error  Extra semicolon                                                   semi
  5822:59   error  Extra semicolon                                                   semi
  5834:10   error  Strings must use singlequote                                      quotes
  5837:56   error  Extra semicolon                                                   semi
  5840:20   error  Extra semicolon                                                   semi
  5845:1    error  More than 1 blank line not allowed                                no-multiple-empty-lines
  5847:146  error  Extra semicolon                                                   semi
  5850:69   error  Extra semicolon                                                   semi
  5854:56   error  Extra semicolon                                                   semi
  5866:10   error  Strings must use singlequote                                      quotes
  5868:90   error  Extra semicolon                                                   semi
  5869:108  error  Extra semicolon                                                   semi
  5870:88   error  Extra semicolon                                                   semi
  5874:20   error  Extra semicolon                                                   semi
  5878:1    error  More than 1 blank line not allowed                                no-multiple-empty-lines
  5880:20   error  Extra semicolon                                                   semi
  5884:1    error  More than 1 blank line not allowed                                no-multiple-empty-lines
  5886:87   error  Extra semicolon                                                   semi
  5887:72   error  Extra semicolon                                                   semi
  5890:22   error  Extra semicolon                                                   semi
  5894:19   error  Extra semicolon                                                   semi
  5905:10   error  Strings must use singlequote                                      quotes
  5907:90   error  Extra semicolon                                                   semi
  5911:20   error  Extra semicolon                                                   semi
  5915:1    error  More than 1 blank line not allowed                                no-multiple-empty-lines
  5916:70   error  Extra semicolon                                                   semi
  5922:20   error  Extra semicolon                                                   semi
  5924:55   error  Extra semicolon                                                   semi
  5936:10   error  Strings must use singlequote                                      quotes
  5938:45   error  Extra semicolon                                                   semi
  5939:38   error  Extra semicolon                                                   semi
  5940:11   error  It's not necessary to initialize '_iteratorError23' to undefined  no-undef-init
  5940:39   error  Extra semicolon                                                   semi
  5944:37   error  Extra semicolon                                                   semi
  5947:26   error  Extra semicolon                                                   semi
  5951:35   error  Extra semicolon                                                   semi
  5952:31   error  Extra semicolon                                                   semi
  5955:59   error  Strings must use singlequote                                      quotes
  5956:25   error  Strings must use singlequote                                      quotes
  5956:36   error  Extra semicolon                                                   semi
  5960:13   error  Unsafe usage of ThrowStatement                                    no-unsafe-finally
  5960:35   error  Extra semicolon                                                   semi
  5965:18   error  Extra semicolon                                                   semi
  5975:10   error  Strings must use singlequote                                      quotes
  5977:100  error  Extra semicolon                                                   semi
  6024:10   error  Strings must use singlequote                                      quotes
  6026:22   error  Extra semicolon                                                   semi
  6031:86   error  Extra semicolon                                                   semi
  6035:81   error  Extra semicolon                                                   semi
  6039:86   error  Extra semicolon                                                   semi
  6045:1    error  Expected indentation of 10 spaces but found 8                     indent
  6046:1    error  Expected indentation of 10 spaces but found 8                     indent
  6047:1    error  Expected indentation of 10 spaces but found 8                     indent
  6048:1    error  Expected indentation of 10 spaces but found 8                     indent
  6049:1    error  Expected indentation of 10 spaces but found 8                     indent
  6050:1    error  Expected indentation of 10 spaces but found 8                     indent
  6051:1    error  Expected indentation of 10 spaces but found 8                     indent
  6052:1    error  Expected indentation of 10 spaces but found 8                     indent
  6053:1    error  Expected indentation of 10 spaces but found 8                     indent
  6054:1    error  Expected indentation of 10 spaces but found 8                     indent
  6055:1    error  Expected indentation of 10 spaces but found 8                     indent
  6055:21   error  Extra semicolon                                                   semi
  6061:1    error  Expected indentation of 10 spaces but found 8                     indent
  6062:1    error  Expected indentation of 10 spaces but found 8                     indent
  6063:1    error  Expected indentation of 10 spaces but found 8                     indent
  6064:1    error  Expected indentation of 10 spaces but found 8                     indent
  6065:1    error  Expected indentation of 10 spaces but found 8                     indent
  6066:1    error  Expected indentation of 10 spaces but found 8                     indent
  6067:1    error  Expected indentation of 10 spaces but found 8                     indent
  6068:1    error  Expected indentation of 10 spaces but found 8                     indent
  6069:1    error  Expected indentation of 10 spaces but found 8                     indent
  6070:1    error  Expected indentation of 10 spaces but found 8                     indent
  6071:1    error  Expected indentation of 10 spaces but found 8                     indent
  6071:21   error  Extra semicolon                                                   semi
  6076:1    error  More than 1 blank line not allowed                                no-multiple-empty-lines
  6080:1    error  Expected indentation of 10 spaces but found 8                     indent
  6081:1    error  Expected indentation of 10 spaces but found 8                     indent
  6082:1    error  Expected indentation of 10 spaces but found 8                     indent
  6083:1    error  Expected indentation of 10 spaces but found 8                     indent
  6084:1    error  Expected indentation of 10 spaces but found 8                     indent
  6085:1    error  Expected indentation of 10 spaces but found 8                     indent
  6086:1    error  Expected indentation of 10 spaces but found 8                     indent
  6087:1    error  Expected indentation of 10 spaces but found 8                     indent
  6088:1    error  Expected indentation of 10 spaces but found 8                     indent
  6089:1    error  Expected indentation of 10 spaces but found 8                     indent
  6090:1    error  Expected indentation of 10 spaces but found 8                     indent
  6090:21   error  Extra semicolon                                                   semi
  6094:1    error  More than 1 blank line not allowed                                no-multiple-empty-lines
  6097:37   error  Extra semicolon                                                   semi
  6099:34   error  Extra semicolon                                                   semi
  6104:1    error  More than 1 blank line not allowed                                no-multiple-empty-lines
  6106:32   error  Extra semicolon                                                   semi
  6110:81   error  Extra semicolon                                                   semi
  6113:49   error  Extra semicolon                                                   semi
  6114:18   error  Extra semicolon                                                   semi
  6125:10   error  Strings must use singlequote                                      quotes
  6130:32   error  Extra semicolon                                                   semi
  6135:1    error  More than 1 blank line not allowed                                no-multiple-empty-lines
  6137:32   error  Extra semicolon                                                   semi
  6142:1    error  More than 1 blank line not allowed                                no-multiple-empty-lines
  6144:32   error  Extra semicolon                                                   semi
  6147:1    error  More than 1 blank line not allowed                                no-multiple-empty-lines
  6149:37   error  Extra semicolon                                                   semi
  6153:1    error  More than 1 blank line not allowed                                no-multiple-empty-lines
  6155:38   error  Extra semicolon                                                   semi
  6159:1    error  More than 1 blank line not allowed                                no-multiple-empty-lines
  6160:18   error  Extra semicolon                                                   semi
  6171:10   error  Strings must use singlequote                                      quotes
  6177:32   error  Extra semicolon                                                   semi
  6187:1    error  More than 1 blank line not allowed                                no-multiple-empty-lines
  6188:30   error  Extra semicolon                                                   semi
  6204:10   error  Strings must use singlequote                                      quotes
  6210:114  error  Extra semicolon                                                   semi
  6237:10   error  Strings must use singlequote                                      quotes
  6240:24   error  Extra semicolon                                                   semi
  6243:23   error  Extra semicolon                                                   semi
  6251:10   error  Strings must use singlequote                                      quotes
  6266:25   error  Extra semicolon                                                   semi
  6268:34   error  Unexpected space before function parentheses                      space-before-function-paren
  6269:38   error  Unexpected space before function parentheses                      space-before-function-paren
  6270:57   error  Extra semicolon                                                   semi
  6271:10   error  Extra semicolon                                                   semi
  6273:35   error  Unexpected space before function parentheses                      space-before-function-paren
  6274:27   error  Extra semicolon                                                   semi
  6275:10   error  Extra semicolon                                                   semi
  6277:37   error  Unexpected space before function parentheses                      space-before-function-paren
  6278:27   error  Extra semicolon                                                   semi
  6279:10   error  Extra semicolon                                                   semi
  6281:36   error  Unexpected space before function parentheses                      space-before-function-paren
  6282:57   error  Extra semicolon                                                   semi
  6283:10   error  Extra semicolon                                                   semi
  6284:9    error  Extra semicolon                                                   semi
  6287:10   error  Strings must use singlequote                                      quotes
  6289:39   error  Extra semicolon                                                   semi
  6292:10   error  Strings must use singlequote                                      quotes
  6302:39   error  Extra semicolon                                                   semi
  6314:10   error  Strings must use singlequote                                      quotes
  6318:32   error  Extra semicolon                                                   semi
  6321:21   error  Extra semicolon                                                   semi
  6325:1    error  More than 1 blank line not allowed                                no-multiple-empty-lines
  6326:51   error  Extra semicolon                                                   semi
  6329:21   error  Extra semicolon                                                   semi
  6334:1    error  More than 1 blank line not allowed                                no-multiple-empty-lines
  6335:54   error  Extra semicolon                                                   semi
  6338:21   error  Extra semicolon                                                   semi
  6341:1    error  More than 1 blank line not allowed                                no-multiple-empty-lines
  6343:20   error  Extra semicolon                                                   semi
  6347:1    error  More than 1 blank line not allowed                                no-multiple-empty-lines
  6348:65   error  Extra semicolon                                                   semi
  6364:10   error  Strings must use singlequote                                      quotes
  6365:12   error  Wrap an immediate function invocation in parentheses              wrap-iife
  6365:20   error  Unexpected space before function parentheses                      space-before-function-paren
  6366:45   error  There should be no space after this paren                         space-in-parens
  6366:46   error  Expected space or tab after '/*' in comment                       spaced-comment
  6367:53   error  Extra semicolon                                                   semi
  6369:18   error  Unexpected constant condition                                     no-constant-condition
  6372:87   error  Extra semicolon                                                   semi
  6373:36   error  Extra semicolon                                                   semi
  6374:48   error  Extra semicolon                                                   semi
  6377:38   error  Extra semicolon                                                   semi
  6378:57   error  Extra semicolon                                                   semi
  6379:57   error  Extra semicolon                                                   semi
  6384:18   error  Extra semicolon                                                   semi
  6385:42   error  Extra semicolon                                                   semi
  6388:46   error  Extra semicolon                                                   semi
  6391:42   error  Strings must use singlequote                                      quotes
  6391:56   error  Extra semicolon                                                   semi
  6394:20   error  Strings must use singlequote                                      quotes
  6395:41   error  Extra semicolon                                                   semi
  6398:22   error  Extra semicolon                                                   semi
  6399:10   error  Extra semicolon                                                   semi
  6402:52   error  Extra semicolon                                                   semi
  6405:26   error  Extra semicolon                                                   semi
  6408:10   error  Strings must use singlequote                                      quotes
  6413:101  error  Extra semicolon                                                   semi
  6414:8    error  Extra semicolon                                                   semi
  6416:47   error  Unexpected space before function parentheses                      space-before-function-paren
  6417:49   error  Extra semicolon                                                   semi
  6418:9    error  Extra semicolon                                                   semi
  6421:126  error  Extra semicolon                                                   semi
  6422:47   error  Extra semicolon                                                   semi
  6423:40   error  Extra semicolon                                                   semi
  6424:13   error  It's not necessary to initialize '_iteratorError24' to undefined  no-undef-init
  6424:41   error  Extra semicolon                                                   semi
  6428:39   error  Extra semicolon                                                   semi
  6429:66   error  Extra semicolon                                                   semi
  6432:37   error  Extra semicolon                                                   semi
  6433:33   error  Extra semicolon                                                   semi
  6436:61   error  Strings must use singlequote                                      quotes
  6437:27   error  Strings must use singlequote                                      quotes
  6437:38   error  Extra semicolon                                                   semi
  6441:15   error  Unsafe usage of ThrowStatement                                    no-unsafe-finally
  6441:37   error  Extra semicolon                                                   semi
  6448:10   error  Strings must use singlequote                                      quotes
  6452:111  error  Extra semicolon                                                   semi
  6454:52   error  Extra semicolon                                                   semi
  6459:1    error  More than 1 blank line not allowed                                no-multiple-empty-lines
  6460:48   error  Extra semicolon                                                   semi
  6464:109  error  Extra semicolon                                                   semi
  6466:45   error  Extra semicolon                                                   semi
  6471:10   error  Strings must use singlequote                                      quotes
  6473:32   error  Extra semicolon                                                   semi
  6474:45   error  Extra semicolon                                                   semi
  6475:38   error  Extra semicolon                                                   semi
  6476:11   error  It's not necessary to initialize '_iteratorError25' to undefined  no-undef-init
  6476:39   error  Extra semicolon                                                   semi
  6480:36   error  Extra semicolon                                                   semi
  6483:67   error  Extra semicolon                                                   semi
  6485:33   error  Extra semicolon                                                   semi
  6489:35   error  Extra semicolon                                                   semi
  6490:31   error  Extra semicolon                                                   semi
  6493:59   error  Strings must use singlequote                                      quotes
  6494:25   error  Strings must use singlequote                                      quotes
  6494:36   error  Extra semicolon                                                   semi
  6498:13   error  Unsafe usage of ThrowStatement                                    no-unsafe-finally
  6498:35   error  Extra semicolon                                                   semi
  6503:23   error  Extra semicolon                                                   semi
  6515:10   error  Strings must use singlequote                                      quotes
  6518:38   error  Extra semicolon                                                   semi
  6519:45   error  Extra semicolon                                                   semi
  6520:38   error  Extra semicolon                                                   semi
  6521:11   error  It's not necessary to initialize '_iteratorError26' to undefined  no-undef-init
  6521:39   error  Extra semicolon                                                   semi
  6525:36   error  Extra semicolon                                                   semi
  6526:31   error  Extra semicolon                                                   semi
  6527:25   error  Extra semicolon                                                   semi
  6530:63   error  Extra semicolon                                                   semi
  6534:37   error  Extra semicolon                                                   semi
  6536:32   error  Extra semicolon                                                   semi
  6542:25   error  Extra semicolon                                                   semi
  6546:53   error  Extra semicolon                                                   semi
  6549:49   error  Extra semicolon                                                   semi
  6550:42   error  Extra semicolon                                                   semi
  6551:15   error  It's not necessary to initialize '_iteratorError28' to undefined  no-undef-init
  6551:43   error  Extra semicolon                                                   semi
  6555:39   error  Extra semicolon                                                   semi
  6556:54   error  Extra semicolon                                                   semi
  6559:39   error  Extra semicolon                                                   semi
  6560:35   error  Extra semicolon                                                   semi
  6563:63   error  Strings must use singlequote                                      quotes
  6564:29   error  Strings must use singlequote                                      quotes
  6564:40   error  Extra semicolon                                                   semi
  6568:17   error  Unsafe usage of ThrowStatement                                    no-unsafe-finally
  6568:39   error  Extra semicolon                                                   semi
  6574:7    error  Block must not be padded by blank lines                           padded-blocks
  6575:35   error  Extra semicolon                                                   semi
  6576:31   error  Extra semicolon                                                   semi
  6579:59   error  Strings must use singlequote                                      quotes
  6580:25   error  Strings must use singlequote                                      quotes
  6580:36   error  Extra semicolon                                                   semi
  6584:13   error  Unsafe usage of ThrowStatement                                    no-unsafe-finally
  6584:35   error  Extra semicolon                                                   semi
  6589:24   error  Extra semicolon                                                   semi
  6590:39   error  Unexpected space before function parentheses                      space-before-function-paren
  6591:47   error  Extra semicolon                                                   semi
  6592:40   error  Extra semicolon                                                   semi
  6593:13   error  It's not necessary to initialize '_iteratorError27' to undefined  no-undef-init
  6593:41   error  Extra semicolon                                                   semi
  6597:37   error  Extra semicolon                                                   semi
  6601:15   error  Extra semicolon                                                   semi
  6604:37   error  Extra semicolon                                                   semi
  6605:33   error  Extra semicolon                                                   semi
  6608:61   error  Strings must use singlequote                                      quotes
  6609:27   error  Strings must use singlequote                                      quotes
  6609:38   error  Extra semicolon                                                   semi
  6613:15   error  Unsafe usage of ThrowStatement                                    no-unsafe-finally
  6613:37   error  Extra semicolon                                                   semi
  6617:9    error  Extra semicolon                                                   semi
  6618:22   error  Extra semicolon                                                   semi
  6621:10   error  Strings must use singlequote                                      quotes
  6629:8    error  Extra semicolon                                                   semi
  6631:6    error  Extra semicolon                                                   semi
  6633:16   error  Extra semicolon                                                   semi
  6634:19   error  Extra semicolon                                                   semi
  6642:1    error  More than 1 blank line not allowed                                no-multiple-empty-lines
  6643:29   error  Extra semicolon                                                   semi
  6668:2    error  Extra semicolon                                                   semi
  6689:2    error  Extra semicolon                                                   semi
  6702:39   error  Extra semicolon                                                   semi
  6708:41   error  Extra semicolon                                                   semi
  6711:24   error  Extra semicolon                                                   semi
  6722:66   error  Extra semicolon                                                   semi
  6725:25   error  Extra semicolon                                                   semi
  6728:29   error  Extra semicolon                                                   semi
  6728:30   error  Newline required at end of file but not found                     eol-last

✖ 2291 problems (2291 errors, 0 warnings)
  2205 errors and 0 warnings potentially fixable with the `--fix` option.

info Visit https://yarnpkg.com/en/docs/cli/run for documentation about this command.
